[    0.000000] Linux version 4.7.2-1-ARCH (builduser@tobias) (gcc version 6.1.1 20160802 (GCC) ) #1 SMP PREEMPT Sat Aug 20 23:02:56 CEST 2016
[    0.000000] Command line: initrd=\intel-ucode.img initrd=\initramfs-linux.img cryptdevice=PARTUUID=97eb0135-251f-4167-b43a-e6c917b19353:luks-ssd:allow-discards root=UUID=f1bb09de-4090-4c93-9743-4bc748ceb258 resume=UUID=11eb4918-7d7c-4f7a-b1c7-dd912a823637 rd.luks.options=discard rw initcall_debug log_buf_len=16M
[    0.000000] x86/fpu: xstate_offset[2]:  576, xstate_sizes[2]:  256
[    0.000000] x86/fpu: xstate_offset[3]:  960, xstate_sizes[3]:   64
[    0.000000] x86/fpu: xstate_offset[4]: 1024, xstate_sizes[4]:   64
[    0.000000] x86/fpu: Supporting XSAVE feature 0x001: 'x87 floating point registers'
[    0.000000] x86/fpu: Supporting XSAVE feature 0x002: 'SSE registers'
[    0.000000] x86/fpu: Supporting XSAVE feature 0x004: 'AVX registers'
[    0.000000] x86/fpu: Supporting XSAVE feature 0x008: 'MPX bounds registers'
[    0.000000] x86/fpu: Supporting XSAVE feature 0x010: 'MPX CSR'
[    0.000000] x86/fpu: Enabled xstate features 0x1f, context size is 1088 bytes, using 'standard' format.
[    0.000000] x86/fpu: Using 'eager' FPU context switches.
[    0.000000] e820: BIOS-provided physical RAM map:
[    0.000000] BIOS-e820: [mem 0x0000000000000000-0x0000000000057fff] usable
[    0.000000] BIOS-e820: [mem 0x0000000000058000-0x0000000000058fff] reserved
[    0.000000] BIOS-e820: [mem 0x0000000000059000-0x000000000009efff] usable
[    0.000000] BIOS-e820: [mem 0x000000000009f000-0x000000000009ffff] reserved
[    0.000000] BIOS-e820: [mem 0x0000000000100000-0x0000000030a9ffff] usable
[    0.000000] BIOS-e820: [mem 0x0000000030aa0000-0x0000000030ab1fff] reserved
[    0.000000] BIOS-e820: [mem 0x0000000030ab2000-0x0000000030acefff] usable
[    0.000000] BIOS-e820: [mem 0x0000000030acf000-0x0000000030acffff] ACPI NVS
[    0.000000] BIOS-e820: [mem 0x0000000030ad0000-0x0000000030b19fff] reserved
[    0.000000] BIOS-e820: [mem 0x0000000030b1a000-0x0000000030b72fff] usable
[    0.000000] BIOS-e820: [mem 0x0000000030b73000-0x00000000310d5fff] reserved
[    0.000000] BIOS-e820: [mem 0x00000000310d6000-0x0000000036183fff] usable
[    0.000000] BIOS-e820: [mem 0x0000000036184000-0x000000003719efff] reserved
[    0.000000] BIOS-e820: [mem 0x000000003719f000-0x00000000371dffff] ACPI data
[    0.000000] BIOS-e820: [mem 0x00000000371e0000-0x0000000037b60fff] ACPI NVS
[    0.000000] BIOS-e820: [mem 0x0000000037b61000-0x0000000037ffdfff] reserved
[    0.000000] BIOS-e820: [mem 0x0000000037ffe000-0x0000000037ffefff] usable
[    0.000000] BIOS-e820: [mem 0x0000000038000000-0x00000000380fffff] reserved
[    0.000000] BIOS-e820: [mem 0x00000000e0000000-0x00000000efffffff] reserved
[    0.000000] BIOS-e820: [mem 0x00000000fe000000-0x00000000fe010fff] reserved
[    0.000000] BIOS-e820: [mem 0x00000000fec00000-0x00000000fec00fff] reserved
[    0.000000] BIOS-e820: [mem 0x00000000fee00000-0x00000000fee00fff] reserved
[    0.000000] BIOS-e820: [mem 0x00000000ff000000-0x00000000ffffffff] reserved
[    0.000000] BIOS-e820: [mem 0x0000000100000000-0x00000004c1ffffff] usable
[    0.000000] NX (Execute Disable) protection: active
[    0.000000] e820: update [mem 0x2ebb1018-0x2ebce657] usable ==> usable
[    0.000000] e820: update [mem 0x2eba0018-0x2ebb0057] usable ==> usable
[    0.000000] extended physical RAM map:
[    0.000000] reserve setup_data: [mem 0x0000000000000000-0x0000000000057fff] usable
[    0.000000] reserve setup_data: [mem 0x0000000000058000-0x0000000000058fff] reserved
[    0.000000] reserve setup_data: [mem 0x0000000000059000-0x000000000009efff] usable
[    0.000000] reserve setup_data: [mem 0x000000000009f000-0x000000000009ffff] reserved
[    0.000000] reserve setup_data: [mem 0x0000000000100000-0x000000002eba0017] usable
[    0.000000] reserve setup_data: [mem 0x000000002eba0018-0x000000002ebb0057] usable
[    0.000000] reserve setup_data: [mem 0x000000002ebb0058-0x000000002ebb1017] usable
[    0.000000] reserve setup_data: [mem 0x000000002ebb1018-0x000000002ebce657] usable
[    0.000000] reserve setup_data: [mem 0x000000002ebce658-0x0000000030a9ffff] usable
[    0.000000] reserve setup_data: [mem 0x0000000030aa0000-0x0000000030ab1fff] reserved
[    0.000000] reserve setup_data: [mem 0x0000000030ab2000-0x0000000030acefff] usable
[    0.000000] reserve setup_data: [mem 0x0000000030acf000-0x0000000030acffff] ACPI NVS
[    0.000000] reserve setup_data: [mem 0x0000000030ad0000-0x0000000030b19fff] reserved
[    0.000000] reserve setup_data: [mem 0x0000000030b1a000-0x0000000030b72fff] usable
[    0.000000] reserve setup_data: [mem 0x0000000030b73000-0x00000000310d5fff] reserved
[    0.000000] reserve setup_data: [mem 0x00000000310d6000-0x0000000036183fff] usable
[    0.000000] reserve setup_data: [mem 0x0000000036184000-0x000000003719efff] reserved
[    0.000000] reserve setup_data: [mem 0x000000003719f000-0x00000000371dffff] ACPI data
[    0.000000] reserve setup_data: [mem 0x00000000371e0000-0x0000000037b60fff] ACPI NVS
[    0.000000] reserve setup_data: [mem 0x0000000037b61000-0x0000000037ffdfff] reserved
[    0.000000] reserve setup_data: [mem 0x0000000037ffe000-0x0000000037ffefff] usable
[    0.000000] reserve setup_data: [mem 0x0000000038000000-0x00000000380fffff] reserved
[    0.000000] reserve setup_data: [mem 0x00000000e0000000-0x00000000efffffff] reserved
[    0.000000] reserve setup_data: [mem 0x00000000fe000000-0x00000000fe010fff] reserved
[    0.000000] reserve setup_data: [mem 0x00000000fec00000-0x00000000fec00fff] reserved
[    0.000000] reserve setup_data: [mem 0x00000000fee00000-0x00000000fee00fff] reserved
[    0.000000] reserve setup_data: [mem 0x00000000ff000000-0x00000000ffffffff] reserved
[    0.000000] reserve setup_data: [mem 0x0000000100000000-0x00000004c1ffffff] usable
[    0.000000] efi: EFI v2.40 by American Megatrends
[    0.000000] efi:  ESRT=0x37f7f018  ACPI=0x371ad000  ACPI 2.0=0x371ad000  SMBIOS=0xf05e0  MPS=0xfcd40 
[    0.000000] esrt: Reserving ESRT space from 0x0000000037f7f018 to 0x0000000037f7f050.
[    0.000000] SMBIOS 2.8 present.
[    0.000000] DMI: Alienware Alienware 15 R2/Alienware 15 R2, BIOS 1.3.6 08/05/2016
[    0.000000] e820: update [mem 0x00000000-0x00000fff] usable ==> reserved
[    0.000000] e820: remove [mem 0x000a0000-0x000fffff] usable
[    0.000000] e820: last_pfn = 0x4c2000 max_arch_pfn = 0x400000000
[    0.000000] MTRR default type: write-back
[    0.000000] MTRR fixed ranges enabled:
[    0.000000]   00000-9FFFF write-back
[    0.000000]   A0000-BFFFF uncachable
[    0.000000]   C0000-FFFFF write-protect
[    0.000000] MTRR variable ranges enabled:
[    0.000000]   0 base 0080000000 mask 7F80000000 uncachable
[    0.000000]   1 base 0040000000 mask 7FC0000000 uncachable
[    0.000000]   2 base 003C000000 mask 7FFC000000 uncachable
[    0.000000]   3 base 003A000000 mask 7FFE000000 uncachable
[    0.000000]   4 base 0039000000 mask 7FFF000000 uncachable
[    0.000000]   5 base 0038800000 mask 7FFF800000 uncachable
[    0.000000]   6 disabled
[    0.000000]   7 disabled
[    0.000000]   8 disabled
[    0.000000]   9 disabled
[    0.000000] x86/PAT: Configuration [0-7]: WB  WC  UC- UC  WB  WC  UC- WT  
[    0.000000] e820: last_pfn = 0x37fff max_arch_pfn = 0x400000000
[    0.000000] found SMP MP-table at [mem 0x000fd020-0x000fd02f] mapped at [ffff8800000fd020]
[    0.000000] Scanning 1 areas for low memory corruption
[    0.000000] Base memory trampoline at [ffff880000096000] 96000 size 24576
[    0.000000] Using GB pages for direct mapping
[    0.000000] BRK [0x01b58000, 0x01b58fff] PGTABLE
[    0.000000] BRK [0x01b59000, 0x01b59fff] PGTABLE
[    0.000000] BRK [0x01b5a000, 0x01b5afff] PGTABLE
[    0.000000] BRK [0x01b5b000, 0x01b5bfff] PGTABLE
[    0.000000] BRK [0x01b5c000, 0x01b5cfff] PGTABLE
[    0.000000] BRK [0x01b5d000, 0x01b5dfff] PGTABLE
[    0.000000] log_buf_len: 16777216 bytes
[    0.000000] early log buf free: 516268(98%)
[    0.000000] RAMDISK: [mem 0x2ebcf000-0x2fa29fff]
[    0.000000] ACPI: Early table checksum verification disabled
[    0.000000] ACPI: RSDP 0x00000000371AD000 000024 (v02 ALWARE)
[    0.000000] ACPI: XSDT 0x00000000371AD0B0 0000DC (v01 ALWARE ALIENWRE 01072009 AMI  00010013)
[    0.000000] ACPI: FACP 0x00000000371D07C8 00010C (v05 ALWARE ALIENWRE 01072009 AMI  00010013)
[    0.000000] ACPI: DSDT 0x00000000371AD218 0235AF (v02 ALWARE ALIENWRE 01072009 INTL 20120913)
[    0.000000] ACPI: FACS 0x0000000037B5DF80 000040
[    0.000000] ACPI: APIC 0x00000000371D08D8 0000BC (v03 ALWARE ALIENWRE 01072009 AMI  00010013)
[    0.000000] ACPI: FPDT 0x00000000371D0998 000044 (v01 ALWARE ALIENWRE 01072009 AMI  00010013)
[    0.000000] ACPI: FIDT 0x00000000371D09E0 00009C (v01 ALWARE ALIENWRE 01072009 AMI  00010013)
[    0.000000] ACPI: MCFG 0x00000000371D0A80 00003C (v01 ALWARE ALIENWRE 01072009 MSFT 00000097)
[    0.000000] ACPI: HPET 0x00000000371D0AC0 000038 (v01 ALWARE ALIENWRE 01072009 AMI. 0005000B)
[    0.000000] ACPI: SSDT 0x00000000371D0AF8 0004B9 (v01 SataRe SataTabl 00001000 INTL 20120913)
[    0.000000] ACPI: LPIT 0x00000000371D0FB8 000094 (v01 INTEL  SKL      00000000 MSFT 0000005F)
[    0.000000] ACPI: SSDT 0x00000000371D1050 000248 (v02 INTEL  sensrhub 00000000 INTL 20120913)
[    0.000000] ACPI: SSDT 0x00000000371D1298 002BAE (v02 INTEL  PtidDevc 00001000 INTL 20120913)
[    0.000000] ACPI: DBGP 0x00000000371D3E48 000034 (v01 INTEL           00000000 MSFT 0000005F)
[    0.000000] ACPI: DBG2 0x00000000371D3E80 000054 (v00 INTEL           00000000 MSFT 0000005F)
[    0.000000] ACPI: SSDT 0x00000000371D3ED8 00069D (v02 INTEL  xh_rvp10 00000000 INTL 20120913)
[    0.000000] ACPI: SSDT 0x00000000371D4578 002DB7 (v02 DptfTa DptfTabl 00001000 INTL 20120913)
[    0.000000] ACPI: TPM2 0x00000000371D7330 000034 (v03        Tpm2Tabl 00000001 AMI  00000000)
[    0.000000] ACPI: SSDT 0x00000000371D7368 00080B (v01 AMITCG _SynTCG_ 00000001 INTL 20120913)
[    0.000000] ACPI: SSDT 0x00000000371D7B78 00559B (v02 SaSsdt SaSsdt   00003000 INTL 20120913)
[    0.000000] ACPI: UEFI 0x00000000371DD118 000042 (v01                 00000000      00000000)
[    0.000000] ACPI: MSDM 0x00000000371DD160 000055 (v03 ALWARE ALIENWRE 01072009 AMI  00010013)
[    0.000000] ACPI: SSDT 0x00000000371DD1B8 000E58 (v02 CpuRef CpuSsdt  00003000 INTL 20120913)
[    0.000000] ACPI: SSDT 0x00000000371DE010 0000CE (v02 SgRef  SgPeg    00001000 INTL 20120913)
[    0.000000] ACPI: DMAR 0x00000000371DE0E0 0000A8 (v01 INTEL  SKL      00000001 INTL 00000001)
[    0.000000] ACPI: SSDT 0x00000000371DE188 00198C (v01 OptRef OptTabl  00001000 INTL 20120913)
[    0.000000] ACPI: Local APIC address 0xfee00000
[    0.000000] No NUMA configuration found
[    0.000000] Faking a node at [mem 0x0000000000000000-0x00000004c1ffffff]
[    0.000000] NODE_DATA(0) allocated [mem 0x4c0ffa000-0x4c0ffdfff]
[    0.000000] Zone ranges:
[    0.000000]   DMA      [mem 0x0000000000001000-0x0000000000ffffff]
[    0.000000]   DMA32    [mem 0x0000000001000000-0x00000000ffffffff]
[    0.000000]   Normal   [mem 0x0000000100000000-0x00000004c1ffffff]
[    0.000000] Movable zone start for each node
[    0.000000] Early memory node ranges
[    0.000000]   node   0: [mem 0x0000000000001000-0x0000000000057fff]
[    0.000000]   node   0: [mem 0x0000000000059000-0x000000000009efff]
[    0.000000]   node   0: [mem 0x0000000000100000-0x0000000030a9ffff]
[    0.000000]   node   0: [mem 0x0000000030ab2000-0x0000000030acefff]
[    0.000000]   node   0: [mem 0x0000000030b1a000-0x0000000030b72fff]
[    0.000000]   node   0: [mem 0x00000000310d6000-0x0000000036183fff]
[    0.000000]   node   0: [mem 0x0000000037ffe000-0x0000000037ffefff]
[    0.000000]   node   0: [mem 0x0000000100000000-0x00000004c1ffffff]
[    0.000000] Initmem setup node 0 [mem 0x0000000000001000-0x00000004c1ffffff]
[    0.000000] On node 0 totalpages: 4160354
[    0.000000]   DMA zone: 64 pages used for memmap
[    0.000000]   DMA zone: 25 pages reserved
[    0.000000]   DMA zone: 3997 pages, LIFO batch:0
[    0.000000]   DMA32 zone: 3376 pages used for memmap
[    0.000000]   DMA32 zone: 216005 pages, LIFO batch:31
[    0.000000]   Normal zone: 61568 pages used for memmap
[    0.000000]   Normal zone: 3940352 pages, LIFO batch:31
[    0.000000] Reserving Intel graphics stolen memory at 0x39000000-0x3cffffff
[    0.000000] ACPI: PM-Timer IO Port: 0x1808
[    0.000000] ACPI: Local APIC address 0xfee00000
[    0.000000] ACPI: LAPIC_NMI (acpi_id[0x01] high edge lint[0x1])
[    0.000000] ACPI: LAPIC_NMI (acpi_id[0x02] high edge lint[0x1])
[    0.000000] ACPI: LAPIC_NMI (acpi_id[0x03] high edge lint[0x1])
[    0.000000] ACPI: LAPIC_NMI (acpi_id[0x04] high edge lint[0x1])
[    0.000000] ACPI: LAPIC_NMI (acpi_id[0x05] high edge lint[0x1])
[    0.000000] ACPI: LAPIC_NMI (acpi_id[0x06] high edge lint[0x1])
[    0.000000] ACPI: LAPIC_NMI (acpi_id[0x07] high edge lint[0x1])
[    0.000000] ACPI: LAPIC_NMI (acpi_id[0x08] high edge lint[0x1])
[    0.000000] IOAPIC[0]: apic_id 2, version 32, address 0xfec00000, GSI 0-119
[    0.000000] ACPI: INT_SRC_OVR (bus 0 bus_irq 0 global_irq 2 dfl dfl)
[    0.000000] ACPI: INT_SRC_OVR (bus 0 bus_irq 9 global_irq 9 high level)
[    0.000000] ACPI: IRQ0 used by override.
[    0.000000] ACPI: IRQ9 used by override.
[    0.000000] Using ACPI (MADT) for SMP configuration information
[    0.000000] ACPI: HPET id: 0x8086a701 base: 0xfed00000
[    0.000000] smpboot: Allowing 8 CPUs, 0 hotplug CPUs
[    0.000000] PM: Registered nosave memory: [mem 0x00000000-0x00000fff]
[    0.000000] PM: Registered nosave memory: [mem 0x00058000-0x00058fff]
[    0.000000] PM: Registered nosave memory: [mem 0x0009f000-0x0009ffff]
[    0.000000] PM: Registered nosave memory: [mem 0x000a0000-0x000fffff]
[    0.000000] PM: Registered nosave memory: [mem 0x2eba0000-0x2eba0fff]
[    0.000000] PM: Registered nosave memory: [mem 0x2ebb0000-0x2ebb0fff]
[    0.000000] PM: Registered nosave memory: [mem 0x2ebb1000-0x2ebb1fff]
[    0.000000] PM: Registered nosave memory: [mem 0x2ebce000-0x2ebcefff]
[    0.000000] PM: Registered nosave memory: [mem 0x30aa0000-0x30ab1fff]
[    0.000000] PM: Registered nosave memory: [mem 0x30acf000-0x30acffff]
[    0.000000] PM: Registered nosave memory: [mem 0x30ad0000-0x30b19fff]
[    0.000000] PM: Registered nosave memory: [mem 0x30b73000-0x310d5fff]
[    0.000000] PM: Registered nosave memory: [mem 0x36184000-0x3719efff]
[    0.000000] PM: Registered nosave memory: [mem 0x3719f000-0x371dffff]
[    0.000000] PM: Registered nosave memory: [mem 0x371e0000-0x37b60fff]
[    0.000000] PM: Registered nosave memory: [mem 0x37b61000-0x37ffdfff]
[    0.000000] PM: Registered nosave memory: [mem 0x37fff000-0x37ffffff]
[    0.000000] PM: Registered nosave memory: [mem 0x38000000-0x380fffff]
[    0.000000] PM: Registered nosave memory: [mem 0x38100000-0x38ffffff]
[    0.000000] PM: Registered nosave memory: [mem 0x39000000-0x3cffffff]
[    0.000000] PM: Registered nosave memory: [mem 0x3d000000-0xdfffffff]
[    0.000000] PM: Registered nosave memory: [mem 0xe0000000-0xefffffff]
[    0.000000] PM: Registered nosave memory: [mem 0xf0000000-0xfdffffff]
[    0.000000] PM: Registered nosave memory: [mem 0xfe000000-0xfe010fff]
[    0.000000] PM: Registered nosave memory: [mem 0xfe011000-0xfebfffff]
[    0.000000] PM: Registered nosave memory: [mem 0xfec00000-0xfec00fff]
[    0.000000] PM: Registered nosave memory: [mem 0xfec01000-0xfedfffff]
[    0.000000] PM: Registered nosave memory: [mem 0xfee00000-0xfee00fff]
[    0.000000] PM: Registered nosave memory: [mem 0xfee01000-0xfeffffff]
[    0.000000] PM: Registered nosave memory: [mem 0xff000000-0xffffffff]
[    0.000000] e820: [mem 0x3d000000-0xdfffffff] available for PCI devices
[    0.000000] Booting paravirtualized kernel on bare hardware
[    0.000000] clocksource: refined-jiffies: mask: 0xffffffff max_cycles: 0xffffffff, max_idle_ns: 6370452778343963 ns
[    0.000000] setup_percpu: NR_CPUS:128 nr_cpumask_bits:128 nr_cpu_ids:8 nr_node_ids:1
[    0.000000] percpu: Embedded 33 pages/cpu @ffff8804c0c00000 s97944 r8192 d29032 u262144
[    0.000000] pcpu-alloc: s97944 r8192 d29032 u262144 alloc=1*2097152
[    0.000000] pcpu-alloc: [0] 0 1 2 3 4 5 6 7 
[    0.000000] Built 1 zonelists in Node order, mobility grouping on.  Total pages: 4095321
[    0.000000] Policy zone: Normal
[    0.000000] Kernel command line: initrd=\intel-ucode.img initrd=\initramfs-linux.img cryptdevice=PARTUUID=97eb0135-251f-4167-b43a-e6c917b19353:luks-ssd:allow-discards root=UUID=f1bb09de-4090-4c93-9743-4bc748ceb258 resume=UUID=11eb4918-7d7c-4f7a-b1c7-dd912a823637 rd.luks.options=discard rw initcall_debug log_buf_len=16M
[    0.000000] PID hash table entries: 4096 (order: 3, 32768 bytes)
[    0.000000] Calgary: detecting Calgary via BIOS EBDA area
[    0.000000] Calgary: Unable to locate Rio Grande table in EBDA - bailing!
[    0.000000] Memory: 16185464K/16641416K available (6028K kernel code, 977K rwdata, 1836K rodata, 1244K init, 1164K bss, 455952K reserved, 0K cma-reserved)
[    0.000000] SLUB: HWalign=64, Order=0-3, MinObjects=0, CPUs=8, Nodes=1
[    0.000000] Preemptible hierarchical RCU implementation.
[    0.000000] 	Build-time adjustment of leaf fanout to 64.
[    0.000000] 	RCU restricting CPUs from NR_CPUS=128 to nr_cpu_ids=8.
[    0.000000] RCU: Adjusting geometry for rcu_fanout_leaf=64, nr_cpu_ids=8
[    0.000000] NR_IRQS:8448 nr_irqs:2048 16
[    0.000000] spurious 8259A interrupt: IRQ7.
[    0.000000] Console: colour dummy device 80x25
[    0.000000] console [tty0] enabled
[    0.000000] clocksource: hpet: mask: 0xffffffff max_cycles: 0xffffffff, max_idle_ns: 79635855245 ns
[    0.000000] hpet clockevent registered
[    0.000000] tsc: Unable to calibrate against PIT
[    0.000000] tsc: using HPET reference calibration
[    0.000000] tsc: Detected 2591.975 MHz processor
[    0.000019] Calibrating delay loop (skipped), value calculated using timer frequency.. 5186.94 BogoMIPS (lpj=8639916)
[    0.000021] pid_max: default: 32768 minimum: 301
[    0.000025] ACPI: Core revision 20160422
[    0.021639] ACPI Error: [\_SB_.PCI0.XHC_.RHUB.HS11] Namespace lookup failure, AE_NOT_FOUND (20160422/dswload-210)
[    0.021643] ACPI Exception: AE_NOT_FOUND, During name lookup/catalog (20160422/psobject-227)
[    0.021673] ACPI Exception: AE_NOT_FOUND, (SSDT:xh_rvp10) while loading table (20160422/tbxfload-227)
[    0.032374] ACPI Error: 1 table load failures, 10 successful (20160422/tbxfload-247)
[    0.033161] Security Framework initialized
[    0.033163] Yama: becoming mindful.
[    0.033829] Dentry cache hash table entries: 2097152 (order: 12, 16777216 bytes)
[    0.036075] Inode-cache hash table entries: 1048576 (order: 11, 8388608 bytes)
[    0.037018] Mount-cache hash table entries: 32768 (order: 6, 262144 bytes)
[    0.037029] Mountpoint-cache hash table entries: 32768 (order: 6, 262144 bytes)
[    0.037208] CPU: Physical Processor ID: 0
[    0.037209] CPU: Processor Core ID: 0
[    0.037213] ENERGY_PERF_BIAS: Set to 'normal', was 'performance'
[    0.037213] ENERGY_PERF_BIAS: View and update with x86_energy_perf_policy(8)
[    0.037217] mce: CPU supports 10 MCE banks
[    0.037224] CPU0: Thermal monitoring enabled (TM1)
[    0.037238] process: using mwait in idle threads
[    0.037240] Last level iTLB entries: 4KB 64, 2MB 8, 4MB 8
[    0.037241] Last level dTLB entries: 4KB 64, 2MB 0, 4MB 0, 1GB 4
[    0.037515] Freeing SMP alternatives memory: 24K (ffffffff81a2d000 - ffffffff81a33000)
[    0.040079] ftrace: allocating 23806 entries in 93 pages
[    0.047475] smpboot: Max logical packages: 2
[    0.047477] smpboot: APIC(0) Converting physical 0 to logical package 0
[    0.047480] DMAR: Host address width 39
[    0.047482] DMAR: DRHD base: 0x000000fed90000 flags: 0x0
[    0.047486] DMAR: dmar0: reg_base_addr fed90000 ver 1:0 cap 1c0000c40660462 ecap 7e3ff0501e
[    0.047487] DMAR: DRHD base: 0x000000fed91000 flags: 0x1
[    0.047490] DMAR: dmar1: reg_base_addr fed91000 ver 1:0 cap d2008c40660462 ecap f050da
[    0.047491] DMAR: RMRR base: 0x000000370c9000 end: 0x000000370e8fff
[    0.047493] DMAR: RMRR base: 0x00000038800000 end: 0x0000003cffffff
[    0.047494] DMAR-IR: IOAPIC id 2 under DRHD base  0xfed91000 IOMMU 1
[    0.047495] DMAR-IR: HPET id 0 under DRHD base 0xfed91000
[    0.047496] DMAR-IR: x2apic is disabled because BIOS sets x2apic opt out bit.
[    0.047496] DMAR-IR: Use 'intremap=no_x2apic_optout' to override the BIOS setting.
[    0.048875] DMAR-IR: Enabled IRQ remapping in xapic mode
[    0.048876] x2apic: IRQ remapping doesn't support X2APIC mode
[    0.052872] ..TIMER: vector=0x30 apic1=0 pin1=2 apic2=-1 pin2=-1
[    0.085881] TSC deadline timer enabled
[    0.085891] smpboot: CPU0: Intel(R) Core(TM) i7-6700HQ CPU @ 2.60GHz (family: 0x6, model: 0x5e, stepping: 0x3)
[    0.085897] calling  trace_init_flags_sys_exit+0x0/0xf @ 1
[    0.085898] initcall trace_init_flags_sys_exit+0x0/0xf returned 0 after 0 usecs
[    0.085900] calling  trace_init_flags_sys_enter+0x0/0xf @ 1
[    0.085901] initcall trace_init_flags_sys_enter+0x0/0xf returned 0 after 0 usecs
[    0.085902] calling  init_hw_perf_events+0x0/0x54a @ 1
[    0.085902] Performance Events: PEBS fmt3+, 32-deep LBR, Skylake events, full-width counters, Intel PMU driver.
[    0.085924] ... version:                4
[    0.085924] ... bit width:              48
[    0.085925] ... generic registers:      4
[    0.085926] ... value mask:             0000ffffffffffff
[    0.085926] ... max period:             0000ffffffffffff
[    0.085927] ... fixed-purpose events:   3
[    0.085927] ... event mask:             000000070000000f
[    0.085939] initcall init_hw_perf_events+0x0/0x54a returned 0 after 0 usecs
[    0.085941] calling  set_real_mode_permissions+0x0/0x99 @ 1
[    0.085946] initcall set_real_mode_permissions+0x0/0x99 returned 0 after 0 usecs
[    0.085947] calling  trace_init_perf_perm_irq_work_exit+0x0/0x13 @ 1
[    0.085949] initcall trace_init_perf_perm_irq_work_exit+0x0/0x13 returned 0 after 0 usecs
[    0.085951] calling  register_trigger_all_cpu_backtrace+0x0/0x16 @ 1
[    0.085952] initcall register_trigger_all_cpu_backtrace+0x0/0x16 returned 0 after 0 usecs
[    0.085954] calling  early_efi_map_fb+0x0/0x38 @ 1
[    0.085955] initcall early_efi_map_fb+0x0/0x38 returned 0 after 0 usecs
[    0.085957] calling  spawn_ksoftirqd+0x0/0x2d @ 1
[    0.089235] initcall spawn_ksoftirqd+0x0/0x2d returned 0 after 3255 usecs
[    0.089240] calling  init_workqueues+0x0/0x556 @ 1
[    0.099263] initcall init_workqueues+0x0/0x556 returned 0 after 9765 usecs
[    0.099269] calling  migration_init+0x0/0x49 @ 1
[    0.099288] initcall migration_init+0x0/0x49 returned 0 after 0 usecs
[    0.099289] calling  check_cpu_stall_init+0x0/0x1b @ 1
[    0.099290] initcall check_cpu_stall_init+0x0/0x1b returned 0 after 0 usecs
[    0.099291] calling  rcu_spawn_gp_kthread+0x0/0x124 @ 1
[    0.099305] initcall rcu_spawn_gp_kthread+0x0/0x124 returned 0 after 0 usecs
[    0.099306] calling  cpu_stop_init+0x0/0x9e @ 1
[    0.102587] initcall cpu_stop_init+0x0/0x9e returned 0 after 3255 usecs
[    0.102592] calling  relay_init+0x0/0x14 @ 1
[    0.102597] initcall relay_init+0x0/0x14 returned 0 after 0 usecs
[    0.102602] calling  init_events+0x0/0x68 @ 1
[    0.102625] initcall init_events+0x0/0x68 returned 0 after 0 usecs
[    0.102626] calling  init_trace_printk+0x0/0x12 @ 1
[    0.102628] initcall init_trace_printk+0x0/0x12 returned 0 after 0 usecs
[    0.102629] calling  event_trace_enable_again+0x0/0x57 @ 1
[    0.102630] initcall event_trace_enable_again+0x0/0x57 returned 0 after 0 usecs
[    0.102632] calling  jump_label_init_module+0x0/0x12 @ 1
[    0.102633] initcall jump_label_init_module+0x0/0x12 returned 0 after 0 usecs
[    0.102635] calling  lru_init+0x0/0x4b @ 1
[    0.105921] initcall lru_init+0x0/0x4b returned 0 after 3255 usecs
[    0.105926] calling  dynamic_debug_init+0x0/0x26b @ 1
[    0.106139] initcall dynamic_debug_init+0x0/0x26b returned 0 after 0 usecs
[    0.106140] calling  rand_initialize+0x0/0x40 @ 1
[    0.106171] initcall rand_initialize+0x0/0x40 returned 0 after 0 usecs
[    0.109382] NMI watchdog: enabled on all CPUs, permanently consumes one hw-PMU counter.
[    0.125962] x86: Booting SMP configuration:
[    0.125966] .... node  #0, CPUs:      #1 #2 #3 #4 #5 #6 #7
[    0.791574] x86: Booted up 1 node, 8 CPUs
[    0.791578] smpboot: Total of 8 processors activated (41495.14 BogoMIPS)
[    0.797670] devtmpfs: initialized
[    0.797711] x86/mm: Memory block size: 128MB
[    0.799800] calling  ipc_ns_init+0x0/0x48 @ 1
[    0.799803] initcall ipc_ns_init+0x0/0x48 returned 0 after 0 usecs
[    0.799804] calling  init_mmap_min_addr+0x0/0x16 @ 1
[    0.799806] initcall init_mmap_min_addr+0x0/0x16 returned 0 after 0 usecs
[    0.799808] calling  init_cpufreq_transition_notifier_list+0x0/0x1b @ 1
[    0.799811] initcall init_cpufreq_transition_notifier_list+0x0/0x1b returned 0 after 0 usecs
[    0.799812] calling  net_ns_init+0x0/0x134 @ 1
[    0.799833] initcall net_ns_init+0x0/0x134 returned 0 after 0 usecs
[    0.799847] calling  xen_pvh_gnttab_setup+0x0/0x181 @ 1
[    0.799849] initcall xen_pvh_gnttab_setup+0x0/0x181 returned -19 after 0 usecs
[    0.799851] calling  e820_mark_nvs_memory+0x0/0x3e @ 1
[    0.799852] PM: Registering ACPI NVS region [mem 0x30acf000-0x30acffff] (4096 bytes)
[    0.799853] PM: Registering ACPI NVS region [mem 0x371e0000-0x37b60fff] (9965568 bytes)
[    0.799926] initcall e820_mark_nvs_memory+0x0/0x3e returned 0 after 0 usecs
[    0.799927] calling  cpufreq_register_tsc_scaling+0x0/0x32 @ 1
[    0.799928] initcall cpufreq_register_tsc_scaling+0x0/0x32 returned 0 after 0 usecs
[    0.799929] calling  init_cpu_syscore+0x0/0x14 @ 1
[    0.799930] initcall init_cpu_syscore+0x0/0x14 returned 0 after 0 usecs
[    0.799932] calling  reboot_init+0x0/0x37 @ 1
[    0.799935] initcall reboot_init+0x0/0x37 returned 0 after 0 usecs
[    0.799936] calling  init_lapic_sysfs+0x0/0x24 @ 1
[    0.799938] initcall init_lapic_sysfs+0x0/0x24 returned 0 after 0 usecs
[    0.799939] calling  cpu_hotplug_pm_sync_init+0x0/0x14 @ 1
[    0.799941] initcall cpu_hotplug_pm_sync_init+0x0/0x14 returned 0 after 0 usecs
[    0.799942] calling  alloc_frozen_cpus+0x0/0x8 @ 1
[    0.799944] initcall alloc_frozen_cpus+0x0/0x8 returned 0 after 0 usecs
[    0.799945] calling  wq_sysfs_init+0x0/0x2b @ 1
[    0.799957] initcall wq_sysfs_init+0x0/0x2b returned 0 after 0 usecs
[    0.799958] calling  ksysfs_init+0x0/0x97 @ 1
[    0.799965] initcall ksysfs_init+0x0/0x97 returned 0 after 0 usecs
[    0.799966] calling  pm_init+0x0/0x79 @ 1
[    0.799986] initcall pm_init+0x0/0x79 returned 0 after 0 usecs
[    0.799988] calling  pm_disk_init+0x0/0x19 @ 1
[    0.799991] initcall pm_disk_init+0x0/0x19 returned 0 after 0 usecs
[    0.799992] calling  swsusp_header_init+0x0/0x40 @ 1
[    0.799994] initcall swsusp_header_init+0x0/0x40 returned 0 after 0 usecs
[    0.799995] calling  init_jiffies_clocksource+0x0/0x19 @ 1
[    0.799997] clocksource: jiffies: mask: 0xffffffff max_cycles: 0xffffffff, max_idle_ns: 6370867519511994 ns
[    0.799998] initcall init_jiffies_clocksource+0x0/0x19 returned 0 after 0 usecs
[    0.799999] calling  cgroup_wq_init+0x0/0x54 @ 1
[    0.800010] initcall cgroup_wq_init+0x0/0x54 returned 0 after 0 usecs
[    0.800011] calling  ftrace_mod_cmd_init+0x0/0x12 @ 1
[    0.800013] initcall ftrace_mod_cmd_init+0x0/0x12 returned 0 after 0 usecs
[    0.800014] calling  init_function_trace+0x0/0x92 @ 1
[    0.800016] initcall init_function_trace+0x0/0x92 returned 0 after 0 usecs
[    0.800017] calling  init_wakeup_tracer+0x0/0x32 @ 1
[    0.800019] initcall init_wakeup_tracer+0x0/0x32 returned 0 after 0 usecs
[    0.800020] calling  init_graph_trace+0x0/0x64 @ 1
[    0.800023] initcall init_graph_trace+0x0/0x64 returned 0 after 0 usecs
[    0.800025] calling  init_per_zone_wmark_min+0x0/0x67 @ 1
[    0.800028] initcall init_per_zone_wmark_min+0x0/0x67 returned 0 after 0 usecs
[    0.800029] calling  init_zero_pfn+0x0/0x34 @ 1
[    0.800030] initcall init_zero_pfn+0x0/0x34 returned 0 after 0 usecs
[    0.800032] calling  memory_failure_init+0x0/0xac @ 1
[    0.800034] initcall memory_failure_init+0x0/0xac returned 0 after 0 usecs
[    0.800035] calling  fsnotify_init+0x0/0x24 @ 1
[    0.800037] initcall fsnotify_init+0x0/0x24 returned 0 after 0 usecs
[    0.800038] calling  filelock_init+0x0/0x9f @ 1
[    0.800042] initcall filelock_init+0x0/0x9f returned 0 after 0 usecs
[    0.800043] calling  init_misc_binfmt+0x0/0x2d @ 1
[    0.800046] initcall init_misc_binfmt+0x0/0x2d returned 0 after 0 usecs
[    0.800047] calling  init_script_binfmt+0x0/0x16 @ 1
[    0.800048] initcall init_script_binfmt+0x0/0x16 returned 0 after 0 usecs
[    0.800050] calling  init_elf_binfmt+0x0/0x16 @ 1
[    0.800051] initcall init_elf_binfmt+0x0/0x16 returned 0 after 0 usecs
[    0.800052] calling  init_compat_elf_binfmt+0x0/0x16 @ 1
[    0.800054] initcall init_compat_elf_binfmt+0x0/0x16 returned 0 after 0 usecs
[    0.800055] calling  configfs_init+0x0/0x94 @ 1
[    0.800058] initcall configfs_init+0x0/0x94 returned 0 after 0 usecs
[    0.800060] calling  debugfs_init+0x0/0x50 @ 1
[    0.800062] initcall debugfs_init+0x0/0x50 returned 0 after 0 usecs
[    0.800063] calling  tracefs_init+0x0/0x3b @ 1
[    0.800065] initcall tracefs_init+0x0/0x3b returned 0 after 0 usecs
[    0.800067] calling  securityfs_init+0x0/0x47 @ 1
[    0.800069] initcall securityfs_init+0x0/0x47 returned 0 after 0 usecs
[    0.800070] calling  prandom_init+0x0/0xcc @ 1
[    0.800078] initcall prandom_init+0x0/0xcc returned 0 after 0 usecs
[    0.800079] calling  pinctrl_init+0x0/0xae @ 1
[    0.800080] pinctrl core: initialized pinctrl subsystem
[    0.800088] initcall pinctrl_init+0x0/0xae returned 0 after 0 usecs
[    0.800089] calling  gpiolib_dev_init+0x0/0xd0 @ 1
[    0.800094] initcall gpiolib_dev_init+0x0/0xd0 returned 0 after 0 usecs
[    0.800096] calling  sfi_sysfs_init+0x0/0xd3 @ 1
[    0.800098] initcall sfi_sysfs_init+0x0/0xd3 returned 0 after 0 usecs
[    0.800099] calling  iommu_init+0x0/0x56 @ 1
[    0.800102] initcall iommu_init+0x0/0x56 returned 0 after 0 usecs
[    0.800103] calling  early_resume_init+0x0/0x210 @ 1
[    0.800195] RTC time:  9:25:06, date: 08/31/16
[    0.800196] initcall early_resume_init+0x0/0x210 returned 0 after 0 usecs
[    0.800198] calling  cpufreq_core_init+0x0/0x4c @ 1
[    0.800200] initcall cpufreq_core_init+0x0/0x4c returned 0 after 0 usecs
[    0.800202] calling  cpuidle_init+0x0/0x3b @ 1
[    0.800205] initcall cpuidle_init+0x0/0x3b returned 0 after 0 usecs
[    0.800207] calling  capsule_reboot_register+0x0/0x12 @ 1
[    0.800209] initcall capsule_reboot_register+0x0/0x12 returned 0 after 0 usecs
[    0.800210] calling  bsp_pm_check_init+0x0/0x14 @ 1
[    0.800211] initcall bsp_pm_check_init+0x0/0x14 returned 0 after 0 usecs
[    0.800212] calling  sock_init+0x0/0x8f @ 1
[    0.801019] initcall sock_init+0x0/0x8f returned 0 after 3255 usecs
[    0.801020] calling  net_inuse_init+0x0/0x24 @ 1
[    0.801022] initcall net_inuse_init+0x0/0x24 returned 0 after 0 usecs
[    0.801023] calling  netpoll_init+0x0/0x31 @ 1
[    0.801025] initcall netpoll_init+0x0/0x31 returned 0 after 0 usecs
[    0.801026] calling  netlink_proto_init+0x0/0x167 @ 1
[    0.801063] NET: Registered protocol family 16
[    0.801068] initcall netlink_proto_init+0x0/0x167 returned 0 after 0 usecs
[    0.801069] calling  __gnttab_init+0x0/0x30 @ 1
[    0.801071] initcall __gnttab_init+0x0/0x30 returned -19 after 0 usecs
[    0.801081] calling  bdi_class_init+0x0/0x49 @ 1
[    0.801085] initcall bdi_class_init+0x0/0x49 returned 0 after 0 usecs
[    0.801087] calling  mm_sysfs_init+0x0/0x29 @ 1
[    0.801089] initcall mm_sysfs_init+0x0/0x29 returned 0 after 0 usecs
[    0.801090] calling  kobject_uevent_init+0x0/0x12 @ 1
[    0.801093] initcall kobject_uevent_init+0x0/0x12 returned 0 after 0 usecs
[    0.801094] calling  gpiolib_sysfs_init+0x0/0xa5 @ 1
[    0.801097] initcall gpiolib_sysfs_init+0x0/0xa5 returned 0 after 0 usecs
[    0.801099] calling  pcibus_class_init+0x0/0x19 @ 1
[    0.801101] initcall pcibus_class_init+0x0/0x19 returned 0 after 0 usecs
[    0.801102] calling  pci_driver_init+0x0/0x12 @ 1
[    0.801107] initcall pci_driver_init+0x0/0x12 returned 0 after 0 usecs
[    0.801109] calling  backlight_class_init+0x0/0xa7 @ 1
[    0.801111] initcall backlight_class_init+0x0/0xa7 returned 0 after 0 usecs
[    0.801112] calling  xenbus_init+0x0/0x41d @ 1
[    0.801114] initcall xenbus_init+0x0/0x41d returned -19 after 0 usecs
[    0.801115] calling  tty_class_init+0x0/0x34 @ 1
[    0.801117] initcall tty_class_init+0x0/0x34 returned 0 after 0 usecs
[    0.801118] calling  vtconsole_class_init+0x0/0xde @ 1
[    0.801130] initcall vtconsole_class_init+0x0/0xde returned 0 after 0 usecs
[    0.801131] calling  iommu_dev_init+0x0/0x19 @ 1
[    0.801133] initcall iommu_dev_init+0x0/0x19 returned 0 after 0 usecs
[    0.801134] calling  mipi_dsi_bus_init+0x0/0x12 @ 1
[    0.801139] initcall mipi_dsi_bus_init+0x0/0x12 returned 0 after 0 usecs
[    0.801141] calling  wakeup_sources_debugfs_init+0x0/0x24 @ 1
[    0.801143] initcall wakeup_sources_debugfs_init+0x0/0x24 returned 0 after 0 usecs
[    0.801144] calling  register_node_type+0x0/0x2f @ 1
[    0.801154] initcall register_node_type+0x0/0x2f returned 0 after 0 usecs
[    0.801156] calling  regmap_initcall+0x0/0xd @ 1
[    0.801158] initcall regmap_initcall+0x0/0xd returned 0 after 0 usecs
[    0.801159] calling  syscon_init+0x0/0x14 @ 1
[    0.801164] initcall syscon_init+0x0/0x14 returned 0 after 0 usecs
[    0.801165] calling  spi_init+0x0/0x83 @ 1
[    0.801171] initcall spi_init+0x0/0x83 returned 0 after 0 usecs
[    0.801172] calling  i2c_init+0x0/0xa0 @ 1
[    0.801180] initcall i2c_init+0x0/0xa0 returned 0 after 0 usecs
[    0.801181] calling  init_ladder+0x0/0x25 @ 1
[    0.813973] cpuidle: using governor ladder
[    0.813980] initcall init_ladder+0x0/0x25 returned 0 after 13020 usecs
[    0.813998] calling  init_menu+0x0/0x12 @ 1
[    0.827318] cpuidle: using governor menu
[    0.827324] initcall init_menu+0x0/0x12 returned 0 after 13020 usecs
[    0.827342] calling  amd_postcore_init+0x0/0x136 @ 1
[    0.827344] initcall amd_postcore_init+0x0/0x136 returned 0 after 0 usecs
[    0.827356] calling  bts_init+0x0/0xaa @ 1
[    0.827358] initcall bts_init+0x0/0xaa returned 0 after 0 usecs
[    0.827360] calling  pt_init+0x0/0x342 @ 1
[    0.827371] initcall pt_init+0x0/0x342 returned 0 after 0 usecs
[    0.827373] calling  boot_params_ksysfs_init+0x0/0x254 @ 1
[    0.827389] initcall boot_params_ksysfs_init+0x0/0x254 returned 0 after 0 usecs
[    0.827391] calling  sbf_init+0x0/0x103 @ 1
[    0.827393] initcall sbf_init+0x0/0x103 returned 0 after 0 usecs
[    0.827394] calling  arch_kdebugfs_init+0x0/0x24 @ 1
[    0.827396] initcall arch_kdebugfs_init+0x0/0x24 returned 0 after 0 usecs
[    0.827397] calling  mtrr_if_init+0x0/0x61 @ 1
[    0.827399] initcall mtrr_if_init+0x0/0x61 returned 0 after 0 usecs
[    0.827401] calling  ffh_cstate_init+0x0/0x2b @ 1
[    0.827403] initcall ffh_cstate_init+0x0/0x2b returned 0 after 0 usecs
[    0.827404] calling  activate_jump_labels+0x0/0x35 @ 1
[    0.827406] initcall activate_jump_labels+0x0/0x35 returned 0 after 0 usecs
[    0.827407] calling  gigantic_pages_init+0x0/0x32 @ 1
[    0.827409] initcall gigantic_pages_init+0x0/0x32 returned 0 after 0 usecs
[    0.827410] calling  acpi_pci_init+0x0/0x62 @ 1
[    0.827411] ACPI FADT declares the system doesn't support PCIe ASPM, so disable it
[    0.827413] ACPI: bus type PCI registered
[    0.827414] acpiphp: ACPI Hot Plug PCI Controller Driver version: 0.5
[    0.827415] initcall acpi_pci_init+0x0/0x62 returned 0 after 0 usecs
[    0.827416] calling  dma_bus_init+0x0/0xd6 @ 1
[    0.827425] initcall dma_bus_init+0x0/0xd6 returned 0 after 0 usecs
[    0.827426] calling  dma_channel_table_init+0x0/0xd7 @ 1
[    0.827432] initcall dma_channel_table_init+0x0/0xd7 returned 0 after 0 usecs
[    0.827433] calling  setup_vcpu_hotplug_event+0x0/0x23 @ 1
[    0.827434] initcall setup_vcpu_hotplug_event+0x0/0x23 returned -19 after 0 usecs
[    0.827436] calling  register_xen_pci_notifier+0x0/0x36 @ 1
[    0.827437] initcall register_xen_pci_notifier+0x0/0x36 returned 0 after 0 usecs
[    0.827438] calling  xen_pcpu_init+0x0/0xc0 @ 1
[    0.827439] initcall xen_pcpu_init+0x0/0xc0 returned -19 after 0 usecs
[    0.827441] calling  dmi_id_init+0x0/0x2fd @ 1
[    0.827464] initcall dmi_id_init+0x0/0x2fd returned 0 after 0 usecs
[    0.827466] calling  pci_arch_init+0x0/0x66 @ 1
[    0.827480] PCI: MMCONFIG for domain 0000 [bus 00-ff] at [mem 0xe0000000-0xefffffff] (base 0xe0000000)
[    0.827481] PCI: MMCONFIG at [mem 0xe0000000-0xefffffff] reserved in E820
[    0.827490] PCI: Using configuration type 1 for base access
[    0.827493] initcall pci_arch_init+0x0/0x66 returned 0 after 0 usecs
[    0.827504] calling  init_vdso+0x0/0x3d @ 1
[    0.827509] initcall init_vdso+0x0/0x3d returned 0 after 0 usecs
[    0.827511] calling  sysenter_setup+0x0/0x14 @ 1
[    0.827513] initcall sysenter_setup+0x0/0x14 returned 0 after 0 usecs
[    0.827514] calling  fixup_ht_bug+0x0/0xf3 @ 1
[    0.827516] initcall fixup_ht_bug+0x0/0xf3 returned 0 after 0 usecs
[    0.827518] calling  topology_init+0x0/0x8e @ 1
[    0.827835] initcall topology_init+0x0/0x8e returned 0 after 0 usecs
[    0.827837] calling  mtrr_init_finialize+0x0/0x42 @ 1
[    0.827839] initcall mtrr_init_finialize+0x0/0x42 returned 0 after 0 usecs
[    0.827840] calling  uid_cache_init+0x0/0x93 @ 1
[    0.827843] initcall uid_cache_init+0x0/0x93 returned 0 after 0 usecs
[    0.827844] calling  param_sysfs_init+0x0/0x1d9 @ 1
[    0.828174] initcall param_sysfs_init+0x0/0x1d9 returned 0 after 0 usecs
[    0.828176] calling  proc_schedstat_init+0x0/0x22 @ 1
[    0.828179] initcall proc_schedstat_init+0x0/0x22 returned 0 after 0 usecs
[    0.828181] calling  pm_sysrq_init+0x0/0x19 @ 1
[    0.844024] initcall pm_sysrq_init+0x0/0x19 returned 0 after 16276 usecs
[    0.844026] calling  create_proc_profile+0x0/0x2b0 @ 1
[    0.844027] initcall create_proc_profile+0x0/0x2b0 returned 0 after 0 usecs
[    0.844029] calling  crash_save_vmcoreinfo_init+0x0/0x56d @ 1
[    0.844046] initcall crash_save_vmcoreinfo_init+0x0/0x56d returned 0 after 0 usecs
[    0.844047] calling  crash_notes_memory_init+0x0/0x36 @ 1
[    0.844050] initcall crash_notes_memory_init+0x0/0x36 returned 0 after 0 usecs
[    0.844051] calling  cgroup_namespaces_init+0x0/0x8 @ 1
[    0.844052] initcall cgroup_namespaces_init+0x0/0x8 returned 0 after 0 usecs
[    0.844054] calling  hung_task_init+0x0/0x4f @ 1
[    0.844065] initcall hung_task_init+0x0/0x4f returned 0 after 0 usecs
[    0.844066] calling  oom_init+0x0/0x5f @ 1
[    0.844076] initcall oom_init+0x0/0x5f returned 0 after 0 usecs
[    0.844078] calling  default_bdi_init+0x0/0x3e @ 1
[    0.844105] initcall default_bdi_init+0x0/0x3e returned 0 after 0 usecs
[    0.844107] calling  percpu_enable_async+0x0/0xf @ 1
[    0.844108] initcall percpu_enable_async+0x0/0xf returned 0 after 0 usecs
[    0.844110] calling  kcompactd_init+0x0/0x6a @ 1
[    0.844120] initcall kcompactd_init+0x0/0x6a returned 0 after 0 usecs
[    0.844122] calling  init_reserve_notifier+0x0/0x24 @ 1
[    0.844124] initcall init_reserve_notifier+0x0/0x24 returned 0 after 0 usecs
[    0.844127] calling  init_admin_reserve+0x0/0x40 @ 1
[    0.844128] initcall init_admin_reserve+0x0/0x40 returned 0 after 0 usecs
[    0.844130] calling  init_user_reserve+0x0/0x40 @ 1
[    0.844132] initcall init_user_reserve+0x0/0x40 returned 0 after 0 usecs
[    0.844133] calling  hugetlb_init+0x0/0x4a2 @ 1
[    0.844135] HugeTLB registered 1 GB page size, pre-allocated 0 pages
[    0.844136] HugeTLB registered 2 MB page size, pre-allocated 0 pages
[    0.844150] initcall hugetlb_init+0x0/0x4a2 returned 0 after 0 usecs
[    0.844151] calling  mmu_notifier_init+0x0/0x12 @ 1
[    0.844153] initcall mmu_notifier_init+0x0/0x12 returned 0 after 0 usecs
[    0.844154] calling  ksm_init+0x0/0x154 @ 1
[    0.844170] initcall ksm_init+0x0/0x154 returned 0 after 0 usecs
[    0.844171] calling  hugepage_init+0x0/0x17f @ 1
[    0.844188] initcall hugepage_init+0x0/0x17f returned 0 after 0 usecs
[    0.844190] calling  mem_cgroup_swap_init+0x0/0x73 @ 1
[    0.844192] initcall mem_cgroup_swap_init+0x0/0x73 returned 0 after 0 usecs
[    0.844194] calling  mem_cgroup_init+0x0/0x14c @ 1
[    0.844196] initcall mem_cgroup_init+0x0/0x14c returned 0 after 0 usecs
[    0.844198] calling  crypto_wq_init+0x0/0x31 @ 1
[    0.844214] initcall crypto_wq_init+0x0/0x31 returned 0 after 0 usecs
[    0.844216] calling  cryptomgr_init+0x0/0x12 @ 1
[    0.844218] initcall cryptomgr_init+0x0/0x12 returned 0 after 0 usecs
[    0.844219] calling  init_bio+0x0/0xd5 @ 1
[    0.844260] initcall init_bio+0x0/0xd5 returned 0 after 0 usecs
[    0.844263] calling  blk_settings_init+0x0/0x2a @ 1
[    0.844265] initcall blk_settings_init+0x0/0x2a returned 0 after 0 usecs
[    0.844266] calling  blk_ioc_init+0x0/0x2a @ 1
[    0.844271] initcall blk_ioc_init+0x0/0x2a returned 0 after 0 usecs
[    0.844273] calling  blk_softirq_init+0x0/0x6a @ 1
[    0.844275] initcall blk_softirq_init+0x0/0x6a returned 0 after 0 usecs
[    0.844276] calling  blk_mq_init+0x0/0x19 @ 1
[    0.844277] initcall blk_mq_init+0x0/0x19 returned 0 after 0 usecs
[    0.844279] calling  genhd_device_init+0x0/0x76 @ 1
[    0.844313] initcall genhd_device_init+0x0/0x76 returned 0 after 0 usecs
[    0.844316] calling  irq_poll_setup+0x0/0x6a @ 1
[    0.844319] initcall irq_poll_setup+0x0/0x6a returned 0 after 0 usecs
[    0.844320] calling  byt_gpio_init+0x0/0x14 @ 1
[    0.844330] initcall byt_gpio_init+0x0/0x14 returned 0 after 0 usecs
[    0.844331] calling  gpiolib_debugfs_init+0x0/0x24 @ 1
[    0.844338] initcall gpiolib_debugfs_init+0x0/0x24 returned 0 after 0 usecs
[    0.844339] calling  lp_gpio_init+0x0/0x14 @ 1
[    0.844344] initcall lp_gpio_init+0x0/0x14 returned 0 after 0 usecs
[    0.844345] calling  pci_slot_init+0x0/0x50 @ 1
[    0.844348] initcall pci_slot_init+0x0/0x50 returned 0 after 0 usecs
[    0.844349] calling  fbmem_init+0x0/0xcf @ 1
[    0.844356] initcall fbmem_init+0x0/0xcf returned 0 after 0 usecs
[    0.844358] calling  acpi_init+0x0/0x2c5 @ 1
[    0.844376] ACPI: Added _OSI(Module Device)
[    0.844377] ACPI: Added _OSI(Processor Device)
[    0.844378] ACPI: Added _OSI(3.0 _SCP Extensions)
[    0.844379] ACPI: Added _OSI(Processor Aggregator Device)
[    0.845266] ACPI: Executed 21 blocks of module-level executable AML code
[    0.854548] ACPI: [Firmware Bug]: BIOS _OSI(Linux) query ignored
[    0.858752] ACPI: Dynamic OEM Table Load:
[    0.858760] ACPI: SSDT 0xFFFF8804AE3F2000 0005DC (v02 PmRef  Cpu0Ist  00003000 INTL 20120913)
[    0.859670] ACPI: \_PR_.CPU0: _OSC native thermal LVT Acked
[    0.861047] ACPI: Dynamic OEM Table Load:
[    0.861052] ACPI: SSDT 0xFFFF8804ADFA8C00 00037F (v02 PmRef  Cpu0Cst  00003001 INTL 20120913)
[    0.862499] ACPI: Dynamic OEM Table Load:
[    0.862503] ACPI: SSDT 0xFFFF8804AE3F2800 0005AA (v02 PmRef  ApIst    00003000 INTL 20120913)
[    0.863437] ACPI: Dynamic OEM Table Load:
[    0.863440] ACPI: SSDT 0xFFFF8804ADFA1800 000119 (v02 PmRef  ApCst    00003000 INTL 20120913)
[    0.868060] ACPI : EC: EC started
[    0.868366] ACPI: Interpreter enabled
[    0.868393] ACPI: (supports S0 S3 S4 S5)
[    0.868394] ACPI: Using IOAPIC for interrupt routing
[    0.868419] PCI: Using host bridge windows from ACPI; if necessary, use "pci=nocrs" and report a bug
[    0.870002] ACPI: Power Resource [PG00] (on)
[    0.881221] ACPI: Power Resource [PG01] (on)
[    0.881551] ACPI: Power Resource [PG02] (on)
[    0.882095] ACPI: Power Resource [WRST] (off)
[    0.882376] ACPI: Power Resource [WRST] (off)
[    0.882654] ACPI: Power Resource [WRST] (off)
[    0.882931] ACPI: Power Resource [WRST] (off)
[    0.883206] ACPI: Power Resource [WRST] (off)
[    0.883477] ACPI: Power Resource [WRST] (off)
[    0.883753] ACPI: Power Resource [WRST] (off)
[    0.884035] ACPI: Power Resource [WRST] (off)
[    0.884320] ACPI: Power Resource [WRST] (off)
[    0.884595] ACPI: Power Resource [WRST] (off)
[    0.884916] ACPI: Power Resource [WRST] (off)
[    0.885202] ACPI: Power Resource [WRST] (off)
[    0.885479] ACPI: Power Resource [WRST] (off)
[    0.885755] ACPI: Power Resource [WRST] (off)
[    0.886031] ACPI: Power Resource [WRST] (off)
[    0.886307] ACPI: Power Resource [WRST] (off)
[    0.886583] ACPI: Power Resource [WRST] (off)
[    0.886861] ACPI: Power Resource [WRST] (off)
[    0.887137] ACPI: Power Resource [WRST] (off)
[    0.887418] ACPI: Power Resource [WRST] (off)
[    0.901089] ACPI: PCI Root Bridge [PCI0] (domain 0000 [bus 00-fe])
[    0.901094] acpi PNP0A08:00: _OSC: OS supports [ExtendedConfig ASPM ClockPM Segments MSI]
[    0.901117] \_SB_.PCI0 (33DB4D5B-1FF7-401C-9657-7441C03DD766): _OSC invalid UUID
[    0.901118] _OSC request data: 1 1f 0
[    0.901121] acpi PNP0A08:00: _OSC failed (AE_ERROR); disabling ASPM
[    0.901594] PCI host bridge to bus 0000:00
[    0.901596] pci_bus 0000:00: root bus resource [io  0x0000-0x0cf7 window]
[    0.901597] pci_bus 0000:00: root bus resource [io  0x0d00-0xffff window]
[    0.901598] pci_bus 0000:00: root bus resource [mem 0x000a0000-0x000bffff window]
[    0.901600] pci_bus 0000:00: root bus resource [mem 0x3d000000-0xdfffffff window]
[    0.901600] pci_bus 0000:00: root bus resource [mem 0xfd000000-0xfe7fffff window]
[    0.901602] pci_bus 0000:00: root bus resource [bus 00-fe]
[    0.901607] pci 0000:00:00.0: [8086:1910] type 00 class 0x060000
[    0.901843] pci 0000:00:01.0: [8086:1901] type 01 class 0x060400
[    0.901874] pci 0000:00:01.0: PME# supported from D0 D3hot D3cold
[    0.901965] pci 0000:00:01.0: System wakeup disabled by ACPI
[    0.902013] pci 0000:00:02.0: [8086:191b] type 00 class 0x030000
[    0.902019] pci 0000:00:02.0: reg 0x10: [mem 0xdb000000-0xdbffffff 64bit]
[    0.902024] pci 0000:00:02.0: reg 0x18: [mem 0x70000000-0x7fffffff 64bit pref]
[    0.902028] pci 0000:00:02.0: reg 0x20: [io  0xf000-0xf03f]
[    0.902128] pci 0000:00:04.0: [8086:1903] type 00 class 0x118000
[    0.902136] pci 0000:00:04.0: reg 0x10: [mem 0xdd120000-0xdd127fff 64bit]
[    0.902294] pci 0000:00:14.0: [8086:a12f] type 00 class 0x0c0330
[    0.902310] pci 0000:00:14.0: reg 0x10: [mem 0xdd110000-0xdd11ffff 64bit]
[    0.902381] pci 0000:00:14.0: PME# supported from D3hot D3cold
[    0.902461] pci 0000:00:14.0: System wakeup disabled by ACPI
[    0.902489] pci 0000:00:14.2: [8086:a131] type 00 class 0x118000
[    0.902504] pci 0000:00:14.2: reg 0x10: [mem 0xdd136000-0xdd136fff 64bit]
[    0.902642] pci 0000:00:16.0: [8086:a13a] type 00 class 0x078000
[    0.902672] pci 0000:00:16.0: reg 0x10: [mem 0xdd135000-0xdd135fff 64bit]
[    0.902778] pci 0000:00:16.0: PME# supported from D3hot
[    0.902895] pci 0000:00:17.0: [8086:a103] type 00 class 0x010601
[    0.902906] pci 0000:00:17.0: reg 0x10: [mem 0xdd130000-0xdd131fff]
[    0.902912] pci 0000:00:17.0: reg 0x14: [mem 0xdd134000-0xdd1340ff]
[    0.902919] pci 0000:00:17.0: reg 0x18: [io  0xf090-0xf097]
[    0.902925] pci 0000:00:17.0: reg 0x1c: [io  0xf080-0xf083]
[    0.902931] pci 0000:00:17.0: reg 0x20: [io  0xf060-0xf07f]
[    0.902937] pci 0000:00:17.0: reg 0x24: [mem 0xdd133000-0xdd1337ff]
[    0.902970] pci 0000:00:17.0: PME# supported from D3hot
[    0.903072] pci 0000:00:1c.0: [8086:a110] type 01 class 0x060400
[    0.903127] pci 0000:00:1c.0: PME# supported from D0 D3hot D3cold
[    0.903216] pci 0000:00:1c.0: System wakeup disabled by ACPI
[    0.903249] pci 0000:00:1c.4: [8086:a114] type 01 class 0x060400
[    0.903297] pci 0000:00:1c.4: PME# supported from D0 D3hot D3cold
[    0.903381] pci 0000:00:1c.4: System wakeup disabled by ACPI
[    0.903405] pci 0000:00:1c.5: [8086:a115] type 01 class 0x060400
[    0.903452] pci 0000:00:1c.5: PME# supported from D0 D3hot D3cold
[    0.903536] pci 0000:00:1c.5: System wakeup disabled by ACPI
[    0.903560] pci 0000:00:1c.6: [8086:a116] type 01 class 0x060400
[    0.903609] pci 0000:00:1c.6: PME# supported from D0 D3hot D3cold
[    0.903693] pci 0000:00:1c.6: System wakeup disabled by ACPI
[    0.903720] pci 0000:00:1d.0: [8086:a118] type 01 class 0x060400
[    0.903775] pci 0000:00:1d.0: PME# supported from D0 D3hot D3cold
[    0.903860] pci 0000:00:1d.0: System wakeup disabled by ACPI
[    0.903910] pci 0000:00:1f.0: [8086:a14e] type 00 class 0x060100
[    0.904088] pci 0000:00:1f.2: [8086:a121] type 00 class 0x058000
[    0.904097] pci 0000:00:1f.2: reg 0x10: [mem 0xdd12c000-0xdd12ffff]
[    0.904220] pci 0000:00:1f.3: [8086:a170] type 00 class 0x040300
[    0.904239] pci 0000:00:1f.3: reg 0x10: [mem 0xdd128000-0xdd12bfff 64bit]
[    0.904263] pci 0000:00:1f.3: reg 0x20: [mem 0xdd100000-0xdd10ffff 64bit]
[    0.904305] pci 0000:00:1f.3: PME# supported from D3hot D3cold
[    0.904419] pci 0000:00:1f.3: System wakeup disabled by ACPI
[    0.904450] pci 0000:00:1f.4: [8086:a123] type 00 class 0x0c0500
[    0.904496] pci 0000:00:1f.4: reg 0x10: [mem 0xdd132000-0xdd1320ff 64bit]
[    0.904565] pci 0000:00:1f.4: reg 0x20: [io  0xf040-0xf05f]
[    0.904750] pci 0000:01:00.0: [10de:13d8] type 00 class 0x030200
[    0.904758] pci 0000:01:00.0: reg 0x10: [mem 0xdc000000-0xdcffffff]
[    0.904764] pci 0000:01:00.0: reg 0x14: [mem 0xb0000000-0xbfffffff 64bit pref]
[    0.904771] pci 0000:01:00.0: reg 0x1c: [mem 0xc0000000-0xc1ffffff 64bit pref]
[    0.904776] pci 0000:01:00.0: reg 0x24: [io  0xe000-0xe07f]
[    0.904780] pci 0000:01:00.0: reg 0x30: [mem 0xdd000000-0xdd07ffff pref]
[    0.904852] pci 0000:01:00.0: System wakeup disabled by ACPI
[    0.910957] pci 0000:00:01.0: PCI bridge to [bus 01]
[    0.910959] pci 0000:00:01.0:   bridge window [io  0xe000-0xefff]
[    0.910961] pci 0000:00:01.0:   bridge window [mem 0xdc000000-0xdd0fffff]
[    0.910964] pci 0000:00:01.0:   bridge window [mem 0xb0000000-0xc1ffffff 64bit pref]
[    0.911047] acpiphp: Slot [1] registered
[    0.911052] pci 0000:00:1c.0: PCI bridge to [bus 02-3a]
[    0.911056] pci 0000:00:1c.0:   bridge window [mem 0xc4000000-0xda0fffff]
[    0.911060] pci 0000:00:1c.0:   bridge window [mem 0x80000000-0xa1ffffff 64bit pref]
[    0.911143] pci 0000:3b:00.0: [1969:e0a1] type 00 class 0x020000
[    0.911166] pci 0000:3b:00.0: reg 0x10: [mem 0xdd600000-0xdd63ffff 64bit]
[    0.911176] pci 0000:3b:00.0: reg 0x18: [io  0xd000-0xd07f]
[    0.911278] pci 0000:3b:00.0: PME# supported from D0 D1 D2 D3hot D3cold
[    0.917635] pci 0000:00:1c.4: PCI bridge to [bus 3b]
[    0.917637] pci 0000:00:1c.4:   bridge window [io  0xd000-0xdfff]
[    0.917640] pci 0000:00:1c.4:   bridge window [mem 0xdd600000-0xdd6fffff]
[    0.917822] pci 0000:3c:00.0: [168c:003e] type 00 class 0x028000
[    0.917938] pci 0000:3c:00.0: reg 0x10: [mem 0xdd200000-0xdd3fffff 64bit]
[    0.918420] pci 0000:3c:00.0: PME# supported from D0 D3hot D3cold
[    0.924354] pci 0000:00:1c.5: PCI bridge to [bus 3c]
[    0.924358] pci 0000:00:1c.5:   bridge window [mem 0xdd200000-0xdd3fffff]
[    0.924460] pci 0000:3d:00.0: [10ec:5227] type 00 class 0xff0000
[    0.924479] pci 0000:3d:00.0: reg 0x10: [mem 0xdd500000-0xdd500fff]
[    0.924589] pci 0000:3d:00.0: supports D1 D2
[    0.924590] pci 0000:3d:00.0: PME# supported from D1 D2 D3hot D3cold
[    0.930983] pci 0000:00:1c.6: PCI bridge to [bus 3d]
[    0.930987] pci 0000:00:1c.6:   bridge window [mem 0xdd500000-0xdd5fffff]
[    0.931110] pci 0000:3e:00.0: [144d:a802] type 00 class 0x010802
[    0.931127] pci 0000:3e:00.0: reg 0x10: [mem 0xdd400000-0xdd403fff 64bit]
[    0.931135] pci 0000:3e:00.0: reg 0x18: [io  0xc000-0xc0ff]
[    0.937686] pci 0000:00:1d.0: PCI bridge to [bus 3e]
[    0.937689] pci 0000:00:1d.0:   bridge window [io  0xc000-0xcfff]
[    0.937691] pci 0000:00:1d.0:   bridge window [mem 0xdd400000-0xdd4fffff]
[    0.941651] ACPI: PCI Interrupt Link [LNKA] (IRQs 3 4 5 6 10 *11 12 14 15)
[    0.941694] ACPI: PCI Interrupt Link [LNKB] (IRQs 3 4 5 6 *10 11 12 14 15)
[    0.941735] ACPI: PCI Interrupt Link [LNKC] (IRQs 3 4 5 6 10 *11 12 14 15)
[    0.941775] ACPI: PCI Interrupt Link [LNKD] (IRQs 3 4 5 6 10 *11 12 14 15)
[    0.941815] ACPI: PCI Interrupt Link [LNKE] (IRQs 3 4 5 6 10 *11 12 14 15)
[    0.941855] ACPI: PCI Interrupt Link [LNKF] (IRQs 3 4 5 6 10 *11 12 14 15)
[    0.941896] ACPI: PCI Interrupt Link [LNKG] (IRQs 3 4 5 6 10 *11 12 14 15)
[    0.941935] ACPI: PCI Interrupt Link [LNKH] (IRQs 3 4 5 6 10 *11 12 14 15)
[    0.942302] ACPI: Enabled 7 GPEs in block 00 to 7F
[    0.942559] ACPI : EC: EC stopped
[    0.942580] ACPI : EC: GPE = 0x14, I/O: command/status = 0x66, data = 0x62
[    0.942581] ACPI : EC: EC started
[    0.942955] initcall acpi_init+0x0/0x2c5 returned 0 after 94401 usecs
[    0.942957] calling  pnp_init+0x0/0x12 @ 1
[    0.942964] initcall pnp_init+0x0/0x12 returned 0 after 0 usecs
[    0.942965] calling  dw_init+0x0/0x14 @ 1
[    0.942972] initcall dw_init+0x0/0x14 returned 0 after 0 usecs
[    0.942973] calling  balloon_init+0x0/0x1b0 @ 1
[    0.942974] initcall balloon_init+0x0/0x1b0 returned -19 after 0 usecs
[    0.942976] calling  xen_setup_shutdown_event+0x0/0x40 @ 1
[    0.942978] initcall xen_setup_shutdown_event+0x0/0x40 returned -19 after 0 usecs
[    0.942979] calling  xenbus_probe_backend_init+0x0/0x50 @ 1
[    0.942984] initcall xenbus_probe_backend_init+0x0/0x50 returned 0 after 0 usecs
[    0.942985] calling  xenbus_probe_frontend_init+0x0/0x93 @ 1
[    0.942990] initcall xenbus_probe_frontend_init+0x0/0x93 returned 0 after 0 usecs
[    0.942991] calling  xen_acpi_pad_init+0x0/0x4d @ 1
[    0.942992] initcall xen_acpi_pad_init+0x0/0x4d returned -19 after 0 usecs
[    0.942993] calling  balloon_init+0x0/0x7e @ 1
[    0.942994] initcall balloon_init+0x0/0x7e returned -19 after 0 usecs
[    0.942996] calling  misc_init+0x0/0xbc @ 1
[    0.943000] initcall misc_init+0x0/0xbc returned 0 after 0 usecs
[    0.943001] calling  vga_arb_device_init+0x0/0x1ad @ 1
[    0.943026] vgaarb: setting as boot device: PCI:0000:00:02.0
[    0.943027] vgaarb: device added: PCI:0000:00:02.0,decodes=io+mem,owns=io+mem,locks=none
[    0.943030] vgaarb: loaded
[    0.943030] vgaarb: bridge control possible 0000:00:02.0
[    0.943032] initcall vga_arb_device_init+0x0/0x1ad returned 0 after 0 usecs
[    0.943034] calling  cn_init+0x0/0xe0 @ 1
[    0.943041] initcall cn_init+0x0/0xe0 returned 0 after 0 usecs
[    0.943043] calling  libnvdimm_init+0x0/0x35 @ 1
[    0.943057] initcall libnvdimm_init+0x0/0x35 returned 0 after 0 usecs
[    0.943058] calling  dma_buf_init+0x0/0xab @ 1
[    0.943061] initcall dma_buf_init+0x0/0xab returned 0 after 0 usecs
[    0.943063] calling  input_init+0x0/0x101 @ 1
[    0.943067] initcall input_init+0x0/0x101 returned 0 after 0 usecs
[    0.943069] calling  rtc_init+0x0/0x4d @ 1
[    0.943072] initcall rtc_init+0x0/0x4d returned 0 after 0 usecs
[    0.943074] calling  power_supply_class_init+0x0/0x40 @ 1
[    0.943077] initcall power_supply_class_init+0x0/0x40 returned 0 after 0 usecs
[    0.943079] calling  hwmon_init+0x0/0x100 @ 1
[    0.943083] initcall hwmon_init+0x0/0x100 returned 0 after 0 usecs
[    0.943085] calling  dmi_init+0x0/0x111 @ 1
[    0.943089] initcall dmi_init+0x0/0x111 returned 0 after 0 usecs
[    0.943091] calling  efisubsys_init+0x0/0x143 @ 1
[    0.943124] initcall efisubsys_init+0x0/0x143 returned 0 after 0 usecs
[    0.943125] calling  devfreq_init+0x0/0xa3 @ 1
[    0.943146] initcall devfreq_init+0x0/0xa3 returned 0 after 0 usecs
[    0.943147] calling  ras_init+0x0/0x10 @ 1
[    0.943150] initcall ras_init+0x0/0x10 returned 0 after 0 usecs
[    0.943151] calling  pci_subsys_init+0x0/0x48 @ 1
[    0.943152] PCI: Using ACPI for IRQ routing
[    0.966194] PCI: pci_cache_line_size set to 64 bytes
[    0.966379] e820: reserve RAM buffer [mem 0x00058000-0x0005ffff]
[    0.966380] e820: reserve RAM buffer [mem 0x0009f000-0x0009ffff]
[    0.966381] e820: reserve RAM buffer [mem 0x2eba0018-0x2fffffff]
[    0.966382] e820: reserve RAM buffer [mem 0x2ebb1018-0x2fffffff]
[    0.966382] e820: reserve RAM buffer [mem 0x30aa0000-0x33ffffff]
[    0.966383] e820: reserve RAM buffer [mem 0x30acf000-0x33ffffff]
[    0.966384] e820: reserve RAM buffer [mem 0x30b73000-0x33ffffff]
[    0.966385] e820: reserve RAM buffer [mem 0x36184000-0x37ffffff]
[    0.966386] e820: reserve RAM buffer [mem 0x37fff000-0x37ffffff]
[    0.966387] e820: reserve RAM buffer [mem 0x4c2000000-0x4c3ffffff]
[    0.966389] initcall pci_subsys_init+0x0/0x48 returned 0 after 22786 usecs
[    0.966390] calling  proto_init+0x0/0x12 @ 1
[    0.966392] initcall proto_init+0x0/0x12 returned 0 after 0 usecs
[    0.966393] calling  net_dev_init+0x0/0x1c3 @ 1
[    0.966444] initcall net_dev_init+0x0/0x1c3 returned 0 after 0 usecs
[    0.966445] calling  neigh_init+0x0/0x80 @ 1
[    0.966446] initcall neigh_init+0x0/0x80 returned 0 after 0 usecs
[    0.966447] calling  fib_rules_init+0x0/0xac @ 1
[    0.966449] initcall fib_rules_init+0x0/0xac returned 0 after 0 usecs
[    0.966450] calling  pktsched_init+0x0/0x10f @ 1
[    0.966453] initcall pktsched_init+0x0/0x10f returned 0 after 0 usecs
[    0.966454] calling  tc_filter_init+0x0/0x55 @ 1
[    0.966455] initcall tc_filter_init+0x0/0x55 returned 0 after 0 usecs
[    0.966456] calling  tc_action_init+0x0/0x55 @ 1
[    0.966458] initcall tc_action_init+0x0/0x55 returned 0 after 0 usecs
[    0.966459] calling  genl_init+0x0/0x89 @ 1
[    0.966462] initcall genl_init+0x0/0x89 returned 0 after 0 usecs
[    0.966463] calling  ipv4_netfilter_init+0x0/0x12 @ 1
[    0.966465] initcall ipv4_netfilter_init+0x0/0x12 returned 0 after 0 usecs
[    0.966466] calling  cipso_v4_init+0x0/0x5e @ 1
[    0.966468] initcall cipso_v4_init+0x0/0x5e returned 0 after 0 usecs
[    0.966469] calling  wireless_nlevent_init+0x0/0x39 @ 1
[    0.966471] initcall wireless_nlevent_init+0x0/0x39 returned 0 after 0 usecs
[    0.966473] calling  netlbl_init+0x0/0x79 @ 1
[    0.966473] NetLabel: Initializing
[    0.966474] NetLabel:  domain hash size = 128
[    0.966474] NetLabel:  protocols = UNLABELED CIPSOv4
[    0.966481] NetLabel:  unlabeled traffic allowed by default
[    0.966483] initcall netlbl_init+0x0/0x79 returned 0 after 0 usecs
[    0.966484] calling  xen_mcfg_late+0x0/0xe1 @ 1
[    0.966485] initcall xen_mcfg_late+0x0/0xe1 returned 0 after 0 usecs
[    0.966487] calling  watchdog_init+0x0/0x8a @ 1
[    0.966505] initcall watchdog_init+0x0/0x8a returned 0 after 0 usecs
[    0.966516] calling  nmi_warning_debugfs+0x0/0x27 @ 1
[    0.966521] initcall nmi_warning_debugfs+0x0/0x27 returned 0 after 0 usecs
[    0.966523] calling  save_microcode_in_initrd+0x0/0x36 @ 1
[    0.966538] initcall save_microcode_in_initrd+0x0/0x36 returned 0 after 0 usecs
[    0.966539] calling  hpet_late_init+0x0/0x101 @ 1
[    0.966580] hpet0: at MMIO 0xfed00000, IRQs 2, 8, 0, 0, 0, 0, 0, 0
[    0.966583] hpet0: 8 comparators, 64-bit 24.000000 MHz counter
[    0.968613] initcall hpet_late_init+0x0/0x101 returned 0 after 3255 usecs
[    0.968614] calling  init_amd_nbs+0x0/0xba @ 1
[    0.968617] amd_nb: Cannot enumerate AMD northbridges
[    0.968619] initcall init_amd_nbs+0x0/0xba returned -19 after 0 usecs
[    0.968620] calling  clocksource_done_booting+0x0/0x42 @ 1
[    0.968632] clocksource: Switched to clocksource hpet
[    0.968663] initcall clocksource_done_booting+0x0/0x42 returned 0 after 32 usecs
[    0.968665] calling  ftrace_init_tracefs+0x0/0x1ce @ 1
[    0.968704] initcall ftrace_init_tracefs+0x0/0x1ce returned 0 after 31 usecs
[    0.968705] calling  tracer_init_tracefs+0x0/0x1a5 @ 1
[    0.969291] initcall tracer_init_tracefs+0x0/0x1a5 returned 0 after 567 usecs
[    0.969293] calling  init_trace_printk_function_export+0x0/0x32 @ 1
[    0.969302] initcall init_trace_printk_function_export+0x0/0x32 returned 0 after 4 usecs
[    0.969303] calling  init_graph_tracefs+0x0/0x32 @ 1
[    0.969312] initcall init_graph_tracefs+0x0/0x32 returned 0 after 4 usecs
[    0.969314] calling  event_trace_init+0x0/0x2f3 @ 1
[    0.972336] initcall event_trace_init+0x0/0x2f3 returned 0 after 2946 usecs
[    0.972338] calling  init_kprobe_trace+0x0/0x91 @ 1
[    0.972347] initcall init_kprobe_trace+0x0/0x91 returned 0 after 4 usecs
[    0.972348] calling  init_uprobe_trace+0x0/0x54 @ 1
[    0.972357] initcall init_uprobe_trace+0x0/0x54 returned 0 after 4 usecs
[    0.972359] calling  bpf_init+0x0/0x47 @ 1
[    0.972368] initcall bpf_init+0x0/0x47 returned 0 after 4 usecs
[    0.972370] calling  init_pipe_fs+0x0/0x47 @ 1
[    0.972380] initcall init_pipe_fs+0x0/0x47 returned 0 after 6 usecs
[    0.972382] calling  cgroup_writeback_init+0x0/0x2b @ 1
[    0.972433] initcall cgroup_writeback_init+0x0/0x2b returned 0 after 44 usecs
[    0.972434] calling  inotify_user_setup+0x0/0x4b @ 1
[    0.972522] initcall inotify_user_setup+0x0/0x4b returned 0 after 47 usecs
[    0.972523] calling  eventpoll_init+0x0/0x100 @ 1
[    0.972562] initcall eventpoll_init+0x0/0x100 returned 0 after 21 usecs
[    0.972563] calling  anon_inode_init+0x0/0x5b @ 1
[    0.972573] initcall anon_inode_init+0x0/0x5b returned 0 after 5 usecs
[    0.972575] calling  proc_locks_init+0x0/0x22 @ 1
[    0.972584] initcall proc_locks_init+0x0/0x22 returned 0 after 4 usecs
[    0.972585] calling  dquot_init+0x0/0x11e @ 1
[    0.972589] VFS: Disk quotas dquot_6.6.0
[    0.972616] VFS: Dquot-cache hash table entries: 512 (order 0, 4096 bytes)
[    0.972621] initcall dquot_init+0x0/0x11e returned 0 after 30 usecs
[    0.972622] calling  quota_init+0x0/0x2f @ 1
[    0.972632] initcall quota_init+0x0/0x2f returned 0 after 5 usecs
[    0.972633] calling  proc_cmdline_init+0x0/0x22 @ 1
[    0.972642] initcall proc_cmdline_init+0x0/0x22 returned 0 after 4 usecs
[    0.972644] calling  proc_consoles_init+0x0/0x22 @ 1
[    0.972653] initcall proc_consoles_init+0x0/0x22 returned 0 after 4 usecs
[    0.972654] calling  proc_cpuinfo_init+0x0/0x22 @ 1
[    0.972663] initcall proc_cpuinfo_init+0x0/0x22 returned 0 after 4 usecs
[    0.972665] calling  proc_devices_init+0x0/0x22 @ 1
[    0.972673] initcall proc_devices_init+0x0/0x22 returned 0 after 4 usecs
[    0.972675] calling  proc_interrupts_init+0x0/0x22 @ 1
[    0.972684] initcall proc_interrupts_init+0x0/0x22 returned 0 after 4 usecs
[    0.972685] calling  proc_loadavg_init+0x0/0x22 @ 1
[    0.972694] initcall proc_loadavg_init+0x0/0x22 returned 0 after 4 usecs
[    0.972696] calling  proc_meminfo_init+0x0/0x22 @ 1
[    0.972705] initcall proc_meminfo_init+0x0/0x22 returned 0 after 4 usecs
[    0.972706] calling  proc_stat_init+0x0/0x22 @ 1
[    0.972715] initcall proc_stat_init+0x0/0x22 returned 0 after 4 usecs
[    0.972717] calling  proc_uptime_init+0x0/0x22 @ 1
[    0.972726] initcall proc_uptime_init+0x0/0x22 returned 0 after 4 usecs
[    0.972727] calling  proc_version_init+0x0/0x22 @ 1
[    0.972736] initcall proc_version_init+0x0/0x22 returned 0 after 4 usecs
[    0.972738] calling  proc_softirqs_init+0x0/0x22 @ 1
[    0.972747] initcall proc_softirqs_init+0x0/0x22 returned 0 after 4 usecs
[    0.972748] calling  proc_kcore_init+0x0/0xb5 @ 1
[    0.972759] initcall proc_kcore_init+0x0/0xb5 returned 0 after 6 usecs
[    0.972760] calling  vmcore_init+0x0/0x619 @ 1
[    0.972770] initcall vmcore_init+0x0/0x619 returned 0 after 4 usecs
[    0.972771] calling  proc_kmsg_init+0x0/0x25 @ 1
[    0.972780] initcall proc_kmsg_init+0x0/0x25 returned 0 after 4 usecs
[    0.972781] calling  proc_page_init+0x0/0x5f @ 1
[    0.972790] initcall proc_page_init+0x0/0x5f returned 0 after 4 usecs
[    0.972792] calling  init_ramfs_fs+0x0/0x20 @ 1
[    0.972801] initcall init_ramfs_fs+0x0/0x20 returned 0 after 4 usecs
[    0.972803] calling  init_hugetlbfs_fs+0x0/0x178 @ 1
[    0.972822] initcall init_hugetlbfs_fs+0x0/0x178 returned 0 after 13 usecs
[    0.972823] calling  blk_scsi_ioctl_init+0x0/0x36a @ 1
[    0.972832] initcall blk_scsi_ioctl_init+0x0/0x36a returned 0 after 4 usecs
[    0.972833] calling  dynamic_debug_init_debugfs+0x0/0x67 @ 1
[    0.972842] initcall dynamic_debug_init_debugfs+0x0/0x67 returned 0 after 4 usecs
[    0.972843] calling  fb_console_init+0x0/0xfc @ 1
[    0.972861] initcall fb_console_init+0x0/0xfc returned 0 after 13 usecs
[    0.972862] calling  acpi_event_init+0x0/0x3b @ 1
[    0.972872] initcall acpi_event_init+0x0/0x3b returned 0 after 4 usecs
[    0.972874] calling  pnp_system_init+0x0/0x12 @ 1
[    0.972884] initcall pnp_system_init+0x0/0x12 returned 0 after 5 usecs
[    0.972886] calling  pnpacpi_init+0x0/0x6e @ 1
[    0.972890] pnp: PnP ACPI init
[    0.973015] pnp 00:00: Plug and Play ACPI device, IDs PNP0303 (active)
[    0.973035] pnp 00:01: Plug and Play ACPI device, IDs DLL0708 PNP0f13 (active)
[    0.973120] system 00:02: [io  0x0680-0x069f] has been reserved
[    0.973122] system 00:02: [io  0xffff] has been reserved
[    0.973123] system 00:02: [io  0xffff] has been reserved
[    0.973124] system 00:02: [io  0xffff] has been reserved
[    0.973125] system 00:02: [io  0x1800-0x18fe] has been reserved
[    0.973126] system 00:02: [io  0x164e-0x164f] has been reserved
[    0.973128] system 00:02: Plug and Play ACPI device, IDs PNP0c02 (active)
[    0.973187] system 00:03: [io  0x0800-0x087f] has been reserved
[    0.973189] system 00:03: Plug and Play ACPI device, IDs PNP0c02 (active)
[    0.973203] pnp 00:04: Plug and Play ACPI device, IDs PNP0b00 (active)
[    0.973229] system 00:05: [io  0x1854-0x1857] has been reserved
[    0.973230] system 00:05: Plug and Play ACPI device, IDs INT3f0d PNP0c02 (active)
[    0.975466] system 00:06: [mem 0xfed10000-0xfed17fff] has been reserved
[    0.975467] system 00:06: [mem 0xfed18000-0xfed18fff] has been reserved
[    0.975468] system 00:06: [mem 0xfed19000-0xfed19fff] has been reserved
[    0.975469] system 00:06: [mem 0xe0000000-0xefffffff] has been reserved
[    0.975471] system 00:06: [mem 0xfed20000-0xfed3ffff] has been reserved
[    0.975472] system 00:06: [mem 0xfed90000-0xfed93fff] could not be reserved
[    0.975473] system 00:06: [mem 0xfed45000-0xfed8ffff] has been reserved
[    0.975474] system 00:06: [mem 0xff000000-0xffffffff] has been reserved
[    0.975475] system 00:06: [mem 0xfee00000-0xfeefffff] could not be reserved
[    0.975477] system 00:06: [mem 0xdffe0000-0xdfffffff] has been reserved
[    0.975478] system 00:06: Plug and Play ACPI device, IDs PNP0c02 (active)
[    0.975507] system 00:07: [mem 0xfd000000-0xfdabffff] has been reserved
[    0.975508] system 00:07: [mem 0xfdad0000-0xfdadffff] has been reserved
[    0.975509] system 00:07: [mem 0xfdb00000-0xfdffffff] has been reserved
[    0.975510] system 00:07: [mem 0xfe000000-0xfe01ffff] could not be reserved
[    0.975511] system 00:07: [mem 0xfe036000-0xfe03bfff] has been reserved
[    0.975512] system 00:07: [mem 0xfe03d000-0xfe3fffff] has been reserved
[    0.975513] system 00:07: [mem 0xfe410000-0xfe7fffff] has been reserved
[    0.975515] system 00:07: Plug and Play ACPI device, IDs PNP0c02 (active)
[    0.976224] system 00:08: [mem 0xfdaf0000-0xfdafffff] has been reserved
[    0.976225] system 00:08: [mem 0xfdae0000-0xfdaeffff] has been reserved
[    0.976227] system 00:08: [mem 0xfdac0000-0xfdacffff] has been reserved
[    0.976228] system 00:08: Plug and Play ACPI device, IDs PNP0c02 (active)
[    0.976815] pnp: PnP ACPI: found 9 devices
[    0.976820] initcall pnpacpi_init+0x0/0x6e returned 0 after 3836 usecs
[    0.976821] calling  chr_dev_init+0x0/0xaa @ 1
[    0.980231] initcall chr_dev_init+0x0/0xaa returned 0 after 3325 usecs
[    0.980235] calling  firmware_class_init+0x0/0xec @ 1
[    0.980245] initcall firmware_class_init+0x0/0xec returned 0 after 5 usecs
[    0.980247] calling  thermal_init+0x0/0xc6 @ 1
[    0.980259] initcall thermal_init+0x0/0xc6 returned 0 after 7 usecs
[    0.980261] calling  cpufreq_gov_performance_init+0x0/0x12 @ 1
[    0.980270] initcall cpufreq_gov_performance_init+0x0/0x12 returned 0 after 4 usecs
[    0.980271] calling  cpufreq_gov_dbs_init+0x0/0x12 @ 1
[    0.980281] initcall cpufreq_gov_dbs_init+0x0/0x12 returned 0 after 4 usecs
[    0.980282] calling  init_acpi_pm_clocksource+0x0/0xd2 @ 1
[    0.984804] clocksource: acpi_pm: mask: 0xffffff max_cycles: 0xffffff, max_idle_ns: 2085701024 ns
[    0.984809] initcall init_acpi_pm_clocksource+0x0/0xd2 returned 0 after 4417 usecs
[    0.984810] calling  pcibios_assign_resources+0x0/0xc2 @ 1
[    0.984824] pci 0000:00:1c.0: bridge window [io  0x1000-0x0fff] to [bus 02-3a] add_size 1000
[    0.984843] pci 0000:00:1c.0: res[13]=[io  0x1000-0x0fff] res_to_dev_res add_size 1000 min_align 1000
[    0.984844] pci 0000:00:1c.0: res[13]=[io  0x1000-0x1fff] res_to_dev_res add_size 1000 min_align 1000
[    0.984846] pci 0000:00:1c.0: BAR 13: assigned [io  0x2000-0x2fff]
[    0.984848] pci 0000:00:01.0: PCI bridge to [bus 01]
[    0.984849] pci 0000:00:01.0:   bridge window [io  0xe000-0xefff]
[    0.984851] pci 0000:00:01.0:   bridge window [mem 0xdc000000-0xdd0fffff]
[    0.984853] pci 0000:00:01.0:   bridge window [mem 0xb0000000-0xc1ffffff 64bit pref]
[    0.984856] pci 0000:00:1c.0: PCI bridge to [bus 02-3a]
[    0.984857] pci 0000:00:1c.0:   bridge window [io  0x2000-0x2fff]
[    0.984860] pci 0000:00:1c.0:   bridge window [mem 0xc4000000-0xda0fffff]
[    0.984863] pci 0000:00:1c.0:   bridge window [mem 0x80000000-0xa1ffffff 64bit pref]
[    0.984867] pci 0000:00:1c.4: PCI bridge to [bus 3b]
[    0.984868] pci 0000:00:1c.4:   bridge window [io  0xd000-0xdfff]
[    0.984871] pci 0000:00:1c.4:   bridge window [mem 0xdd600000-0xdd6fffff]
[    0.984875] pci 0000:00:1c.5: PCI bridge to [bus 3c]
[    0.984878] pci 0000:00:1c.5:   bridge window [mem 0xdd200000-0xdd3fffff]
[    0.984883] pci 0000:00:1c.6: PCI bridge to [bus 3d]
[    0.984885] pci 0000:00:1c.6:   bridge window [mem 0xdd500000-0xdd5fffff]
[    0.984890] pci 0000:00:1d.0: PCI bridge to [bus 3e]
[    0.984891] pci 0000:00:1d.0:   bridge window [io  0xc000-0xcfff]
[    0.984894] pci 0000:00:1d.0:   bridge window [mem 0xdd400000-0xdd4fffff]
[    0.984900] pci_bus 0000:00: resource 4 [io  0x0000-0x0cf7 window]
[    0.984901] pci_bus 0000:00: resource 5 [io  0x0d00-0xffff window]
[    0.984902] pci_bus 0000:00: resource 6 [mem 0x000a0000-0x000bffff window]
[    0.984903] pci_bus 0000:00: resource 7 [mem 0x3d000000-0xdfffffff window]
[    0.984904] pci_bus 0000:00: resource 8 [mem 0xfd000000-0xfe7fffff window]
[    0.984905] pci_bus 0000:01: resource 0 [io  0xe000-0xefff]
[    0.984906] pci_bus 0000:01: resource 1 [mem 0xdc000000-0xdd0fffff]
[    0.984907] pci_bus 0000:01: resource 2 [mem 0xb0000000-0xc1ffffff 64bit pref]
[    0.984908] pci_bus 0000:02: resource 0 [io  0x2000-0x2fff]
[    0.984909] pci_bus 0000:02: resource 1 [mem 0xc4000000-0xda0fffff]
[    0.984910] pci_bus 0000:02: resource 2 [mem 0x80000000-0xa1ffffff 64bit pref]
[    0.984911] pci_bus 0000:3b: resource 0 [io  0xd000-0xdfff]
[    0.984911] pci_bus 0000:3b: resource 1 [mem 0xdd600000-0xdd6fffff]
[    0.984913] pci_bus 0000:3c: resource 1 [mem 0xdd200000-0xdd3fffff]
[    0.984913] pci_bus 0000:3d: resource 1 [mem 0xdd500000-0xdd5fffff]
[    0.984914] pci_bus 0000:3e: resource 0 [io  0xc000-0xcfff]
[    0.984915] pci_bus 0000:3e: resource 1 [mem 0xdd400000-0xdd4fffff]
[    0.984920] initcall pcibios_assign_resources+0x0/0xc2 returned 0 after 102 usecs
[    0.984921] calling  sysctl_core_init+0x0/0x2c @ 1
[    0.984936] initcall sysctl_core_init+0x0/0x2c returned 0 after 10 usecs
[    0.984937] calling  eth_offload_init+0x0/0x14 @ 1
[    0.984946] initcall eth_offload_init+0x0/0x14 returned 0 after 4 usecs
[    0.984947] calling  inet_init+0x0/0x27a @ 1
[    0.984958] NET: Registered protocol family 2
[    0.985092] TCP established hash table entries: 131072 (order: 8, 1048576 bytes)
[    0.985235] TCP bind hash table entries: 65536 (order: 8, 1048576 bytes)
[    0.985361] TCP: Hash tables configured (established 131072 bind 65536)
[    0.985380] UDP hash table entries: 8192 (order: 6, 262144 bytes)
[    0.985424] UDP-Lite hash table entries: 8192 (order: 6, 262144 bytes)
[    0.985473] initcall inet_init+0x0/0x27a returned 0 after 508 usecs
[    0.985474] calling  ipv4_offload_init+0x0/0x5d @ 1
[    0.985483] initcall ipv4_offload_init+0x0/0x5d returned 0 after 4 usecs
[    0.985484] calling  af_unix_init+0x0/0x4e @ 1
[    0.985489] NET: Registered protocol family 1
[    0.985495] initcall af_unix_init+0x0/0x4e returned 0 after 5 usecs
[    0.985496] calling  ipv6_offload_init+0x0/0x7f @ 1
[    0.985505] initcall ipv6_offload_init+0x0/0x7f returned 0 after 4 usecs
[    0.985507] calling  pci_apply_final_quirks+0x0/0x12e @ 1
[    0.985519] pci 0000:00:02.0: Video device with shadowed ROM at [mem 0x000c0000-0x000dffff]
[    0.986365] PCI: CLS 0 bytes, default 64
[    0.986370] initcall pci_apply_final_quirks+0x0/0x12e returned 0 after 838 usecs
[    0.986372] calling  acpi_reserve_resources+0x0/0xeb @ 1
[    0.986381] initcall acpi_reserve_resources+0x0/0xeb returned 0 after 4 usecs
[    0.986382] calling  populate_rootfs+0x0/0x108 @ 1
[    0.986408] Unpacking initramfs...
[    1.159207] Freeing initrd memory: 14700K (ffff88002ebcf000 - ffff88002fa2a000)
[    1.159215] initcall populate_rootfs+0x0/0x108 returned 0 after 168775 usecs
[    1.159218] calling  pci_iommu_init+0x0/0x3c @ 1
[    1.159239] PCI-DMA: Using software bounce buffering for IO (SWIOTLB)
[    1.159240] software IO TLB [mem 0x2aba0000-0x2eba0000] (64MB) mapped at [ffff88002aba0000-ffff88002eb9ffff]
[    1.159245] initcall pci_iommu_init+0x0/0x3c returned 0 after 21 usecs
[    1.159247] calling  calgary_fixup_tce_spaces+0x0/0xfd @ 1
[    1.159256] initcall calgary_fixup_tce_spaces+0x0/0xfd returned -19 after 4 usecs
[    1.159257] calling  ir_dev_scope_init+0x0/0x33 @ 1
[    1.159266] initcall ir_dev_scope_init+0x0/0x33 returned 0 after 4 usecs
[    1.159278] calling  ia32_binfmt_init+0x0/0x14 @ 1
[    1.159288] initcall ia32_binfmt_init+0x0/0x14 returned 0 after 5 usecs
[    1.159289] calling  amd_uncore_init+0x0/0x22c @ 1
[    1.159298] initcall amd_uncore_init+0x0/0x22c returned -19 after 4 usecs
[    1.159299] calling  amd_ibs_init+0x0/0x233 @ 1
[    1.159307] initcall amd_ibs_init+0x0/0x233 returned -19 after 4 usecs
[    1.159308] calling  msr_init+0x0/0xea @ 1
[    1.159317] initcall msr_init+0x0/0xea returned 0 after 4 usecs
[    1.159318] calling  amd_iommu_pc_init+0x0/0x14a @ 1
[    1.159327] initcall amd_iommu_pc_init+0x0/0x14a returned -19 after 4 usecs
[    1.159328] calling  intel_cqm_init+0x0/0x4c0 @ 1
[    1.159337] initcall intel_cqm_init+0x0/0x4c0 returned -19 after 4 usecs
[    1.159338] calling  intel_uncore_init+0x0/0x2d9 @ 1
[    1.159362] initcall intel_uncore_init+0x0/0x2d9 returned 0 after 18 usecs
[    1.159363] calling  register_kernel_offset_dumper+0x0/0x1b @ 1
[    1.159372] initcall register_kernel_offset_dumper+0x0/0x1b returned 0 after 4 usecs
[    1.159374] calling  i8259A_init_ops+0x0/0x24 @ 1
[    1.159383] initcall i8259A_init_ops+0x0/0x24 returned 0 after 4 usecs
[    1.159384] calling  init_tsc_clocksource+0x0/0xb5 @ 1
[    1.159393] initcall init_tsc_clocksource+0x0/0xb5 returned 0 after 4 usecs
[    1.159400] calling  add_rtc_cmos+0x0/0xa7 @ 1
[    1.159408] initcall add_rtc_cmos+0x0/0xa7 returned 0 after 4 usecs
[    1.159409] calling  i8237A_init_ops+0x0/0x14 @ 1
[    1.159417] initcall i8237A_init_ops+0x0/0x14 returned 0 after 4 usecs
[    1.159419] calling  thermal_throttle_init_device+0x0/0x89 @ 1
[    1.159441] initcall thermal_throttle_init_device+0x0/0x89 returned 0 after 17 usecs
[    1.159443] calling  ioapic_init_ops+0x0/0x14 @ 1
[    1.159452] initcall ioapic_init_ops+0x0/0x14 returned 0 after 4 usecs
[    1.159453] calling  register_e820_pmem+0x0/0x44 @ 1
[    1.159463] initcall register_e820_pmem+0x0/0x44 returned 0 after 5 usecs
[    1.159464] calling  add_pcspkr+0x0/0x66 @ 1
[    1.159491] initcall add_pcspkr+0x0/0x66 returned 0 after 22 usecs
[    1.159493] calling  start_periodic_check_for_corruption+0x0/0x60 @ 1
[    1.159497] Scanning for low memory corruption every 60 seconds
[    1.159502] initcall start_periodic_check_for_corruption+0x0/0x60 returned 0 after 4 usecs
[    1.159506] calling  sysfb_init+0x0/0x97 @ 1
[    1.159523] initcall sysfb_init+0x0/0x97 returned 0 after 11 usecs
[    1.159524] calling  pmc_atom_init+0x0/0x1c6 @ 1
[    1.159534] initcall pmc_atom_init+0x0/0x1c6 returned -19 after 5 usecs
[    1.159536] calling  iosf_mbi_init+0x0/0x1b @ 1
[    1.159550] initcall iosf_mbi_init+0x0/0x1b returned 0 after 10 usecs
[    1.159552] calling  proc_execdomains_init+0x0/0x22 @ 1
[    1.159561] initcall proc_execdomains_init+0x0/0x22 returned 0 after 4 usecs
[    1.159562] calling  cpuhp_sysfs_init+0x0/0x7b @ 1
[    1.159579] initcall cpuhp_sysfs_init+0x0/0x7b returned 0 after 12 usecs
[    1.159580] calling  ioresources_init+0x0/0x3c @ 1
[    1.159589] initcall ioresources_init+0x0/0x3c returned 0 after 4 usecs
[    1.159591] calling  init_sched_debug_procfs+0x0/0x2c @ 1
[    1.159600] initcall init_sched_debug_procfs+0x0/0x2c returned 0 after 4 usecs
[    1.159602] calling  snapshot_device_init+0x0/0x12 @ 1
[    1.159660] initcall snapshot_device_init+0x0/0x12 returned 0 after 51 usecs
[    1.159662] calling  irq_pm_init_ops+0x0/0x14 @ 1
[    1.159671] initcall irq_pm_init_ops+0x0/0x14 returned 0 after 4 usecs
[    1.159672] calling  init_posix_timers+0x0/0x276 @ 1
[    1.159682] initcall init_posix_timers+0x0/0x276 returned 0 after 5 usecs
[    1.159683] calling  init_posix_cpu_timers+0x0/0xe0 @ 1
[    1.159691] initcall init_posix_cpu_timers+0x0/0xe0 returned 0 after 4 usecs
[    1.159692] calling  timekeeping_init_ops+0x0/0x14 @ 1
[    1.159701] initcall timekeeping_init_ops+0x0/0x14 returned 0 after 4 usecs
[    1.159702] calling  init_clocksource_sysfs+0x0/0x69 @ 1
[    1.159728] initcall init_clocksource_sysfs+0x0/0x69 returned 0 after 21 usecs
[    1.159729] calling  init_timer_list_procfs+0x0/0x2c @ 1
[    1.159738] initcall init_timer_list_procfs+0x0/0x2c returned 0 after 4 usecs
[    1.159739] calling  alarmtimer_init+0x0/0x1bc @ 1
[    1.159769] initcall alarmtimer_init+0x0/0x1bc returned 0 after 25 usecs
[    1.159770] calling  clockevents_init_sysfs+0x0/0xd1 @ 1
[    1.159848] initcall clockevents_init_sysfs+0x0/0xd1 returned 0 after 71 usecs
[    1.159849] calling  init_tstats_procfs+0x0/0x2c @ 1
[    1.159858] initcall init_tstats_procfs+0x0/0x2c returned 0 after 4 usecs
[    1.159859] calling  futex_init+0x0/0xff @ 1
[    1.159868] futex hash table entries: 2048 (order: 5, 131072 bytes)
[    1.159884] initcall futex_init+0x0/0xff returned 0 after 19 usecs
[    1.159885] calling  proc_dma_init+0x0/0x22 @ 1
[    1.159893] initcall proc_dma_init+0x0/0x22 returned 0 after 4 usecs
[    1.159894] calling  proc_modules_init+0x0/0x22 @ 1
[    1.159903] initcall proc_modules_init+0x0/0x22 returned 0 after 4 usecs
[    1.159904] calling  kallsyms_init+0x0/0x25 @ 1
[    1.159913] initcall kallsyms_init+0x0/0x25 returned 0 after 4 usecs
[    1.159914] calling  pid_namespaces_init+0x0/0x2d @ 1
[    1.159923] initcall pid_namespaces_init+0x0/0x2d returned 0 after 4 usecs
[    1.159924] calling  ikconfig_init+0x0/0x3e @ 1
[    1.159933] initcall ikconfig_init+0x0/0x3e returned 0 after 4 usecs
[    1.159934] calling  init_kprobes+0x0/0x1ba @ 1
[    1.160063] initcall init_kprobes+0x0/0x1ba returned 0 after 121 usecs
[    1.160065] calling  utsname_sysctl_init+0x0/0x14 @ 1
[    1.160077] initcall utsname_sysctl_init+0x0/0x14 returned 0 after 7 usecs
[    1.160078] calling  init_tracepoints+0x0/0x28 @ 1
[    1.160087] initcall init_tracepoints+0x0/0x28 returned 0 after 4 usecs
[    1.160088] calling  stack_trace_init+0x0/0xb0 @ 1
[    1.160098] initcall stack_trace_init+0x0/0xb0 returned 0 after 5 usecs
[    1.160099] calling  init_mmio_trace+0x0/0x12 @ 1
[    1.160108] initcall init_mmio_trace+0x0/0x12 returned 0 after 4 usecs
[    1.160109] calling  init_blk_tracer+0x0/0x56 @ 1
[    1.160118] initcall init_blk_tracer+0x0/0x56 returned 0 after 4 usecs
[    1.160120] calling  perf_event_sysfs_init+0x0/0x98 @ 1
[    1.160207] initcall perf_event_sysfs_init+0x0/0x98 returned 0 after 80 usecs
[    1.160209] calling  init_uprobes+0x0/0x69 @ 1
[    1.160218] initcall init_uprobes+0x0/0x69 returned 0 after 4 usecs
[    1.160219] calling  system_trusted_keyring_init+0x0/0xcc @ 1
[    1.160223] Initialise system trusted keyrings
[    1.160236] initcall system_trusted_keyring_init+0x0/0xcc returned 0 after 11 usecs
[    1.160237] calling  kswapd_init+0x0/0x6f @ 1
[    1.160302] initcall kswapd_init+0x0/0x6f returned 0 after 57 usecs
[    1.160304] calling  extfrag_debug_init+0x0/0x78 @ 1
[    1.160326] initcall extfrag_debug_init+0x0/0x78 returned 0 after 13 usecs
[    1.160328] calling  setup_vmstat+0x0/0x1a0 @ 1
[    1.160583] initcall setup_vmstat+0x0/0x1a0 returned 0 after 214 usecs
[    1.160585] calling  mm_compute_batch_init+0x0/0x19 @ 1
[    1.160614] initcall mm_compute_batch_init+0x0/0x19 returned 0 after 8 usecs
[    1.160616] calling  slab_proc_init+0x0/0x25 @ 1
[    1.160664] initcall slab_proc_init+0x0/0x25 returned 0 after 39 usecs
[    1.160665] calling  workingset_init+0x0/0x7c @ 1
[    1.160677] workingset: timestamp_bits=38 max_order=22 bucket_order=0
[    1.160685] initcall workingset_init+0x0/0x7c returned 0 after 8 usecs
[    1.160686] calling  proc_vmalloc_init+0x0/0x25 @ 1
[    1.160708] initcall proc_vmalloc_init+0x0/0x25 returned 0 after 17 usecs
[    1.160709] calling  procswaps_init+0x0/0x22 @ 1
[    1.160730] initcall procswaps_init+0x0/0x22 returned 0 after 16 usecs
[    1.160731] calling  init_frontswap+0x0/0x91 @ 1
[    1.160741] initcall init_frontswap+0x0/0x91 returned 0 after 5 usecs
[    1.160743] calling  slab_sysfs_init+0x0/0xfc @ 1
[    1.161764] initcall slab_sysfs_init+0x0/0xfc returned 0 after 992 usecs
[    1.161766] calling  init_cleancache+0x0/0x91 @ 1
[    1.161778] initcall init_cleancache+0x0/0x91 returned 0 after 8 usecs
[    1.161780] calling  init_zbud+0x0/0x20 @ 1
[    1.161783] zbud: loaded
[    1.161788] initcall init_zbud+0x0/0x20 returned 0 after 4 usecs
[    1.161790] calling  zs_init+0x0/0x9c @ 1
[    1.161798] initcall zs_init+0x0/0x9c returned 0 after 4 usecs
[    1.161800] calling  init_z3fold+0x0/0x14 @ 1
[    1.161809] initcall init_z3fold+0x0/0x14 returned 0 after 4 usecs
[    1.161810] calling  fcntl_init+0x0/0x2a @ 1
[    1.161819] initcall fcntl_init+0x0/0x2a returned 0 after 4 usecs
[    1.161820] calling  proc_filesystems_init+0x0/0x22 @ 1
[    1.161829] initcall proc_filesystems_init+0x0/0x22 returned 0 after 4 usecs
[    1.161831] calling  start_dirtytime_writeback+0x0/0x2a @ 1
[    1.161840] initcall start_dirtytime_writeback+0x0/0x2a returned 0 after 4 usecs
[    1.161841] calling  dio_init+0x0/0x2d @ 1
[    1.161850] initcall dio_init+0x0/0x2d returned 0 after 4 usecs
[    1.161851] calling  dnotify_init+0x0/0x79 @ 1
[    1.161861] initcall dnotify_init+0x0/0x79 returned 0 after 4 usecs
[    1.161862] calling  fanotify_user_setup+0x0/0x77 @ 1
[    1.161873] initcall fanotify_user_setup+0x0/0x77 returned 0 after 5 usecs
[    1.161874] calling  userfaultfd_init+0x0/0x2e @ 1
[    1.161895] initcall userfaultfd_init+0x0/0x2e returned 0 after 16 usecs
[    1.161897] calling  aio_setup+0x0/0xa3 @ 1
[    1.161910] initcall aio_setup+0x0/0xa3 returned 0 after 8 usecs
[    1.161912] calling  init_sys32_ioctl+0x0/0x28 @ 1
[    1.162015] initcall init_sys32_ioctl+0x0/0x28 returned 0 after 91 usecs
[    1.162016] calling  init_devpts_fs+0x0/0x28 @ 1
[    1.162033] initcall init_devpts_fs+0x0/0x28 returned 0 after 8 usecs
[    1.162035] calling  init_autofs4_fs+0x0/0x26 @ 1
[    1.162091] initcall init_autofs4_fs+0x0/0x26 returned 0 after 49 usecs
[    1.162092] calling  init_pstore_fs+0x0/0x47 @ 1
[    1.162101] initcall init_pstore_fs+0x0/0x47 returned 0 after 4 usecs
[    1.162103] calling  efivarfs_init+0x0/0x34 @ 1
[    1.162112] initcall efivarfs_init+0x0/0x34 returned 0 after 4 usecs
[    1.162113] calling  ipc_init+0x0/0x17 @ 1
[    1.162122] initcall ipc_init+0x0/0x17 returned 0 after 4 usecs
[    1.162124] calling  ipc_sysctl_init+0x0/0x14 @ 1
[    1.162135] initcall ipc_sysctl_init+0x0/0x14 returned 0 after 6 usecs
[    1.162137] calling  init_mqueue_fs+0x0/0x10a @ 1
[    1.162169] initcall init_mqueue_fs+0x0/0x10a returned 0 after 26 usecs
[    1.162170] calling  key_proc_init+0x0/0x5e @ 1
[    1.162179] initcall key_proc_init+0x0/0x5e returned 0 after 4 usecs
[    1.162181] calling  big_key_init+0x0/0x12 @ 1
[    1.162185] Key type big_key registered
[    1.162190] initcall big_key_init+0x0/0x12 returned 0 after 4 usecs
[    1.162192] calling  crypto_algapi_init+0x0/0xd @ 1
[    1.162201] initcall crypto_algapi_init+0x0/0xd returned 0 after 4 usecs
[    1.162203] calling  chainiv_module_init+0x0/0x12 @ 1
[    1.162212] initcall chainiv_module_init+0x0/0x12 returned 0 after 4 usecs
[    1.162213] calling  eseqiv_module_init+0x0/0x12 @ 1
[    1.162223] initcall eseqiv_module_init+0x0/0x12 returned 0 after 4 usecs
[    1.162224] calling  crypto_null_mod_init+0x0/0x48 @ 1
[    1.162596] initcall crypto_null_mod_init+0x0/0x48 returned 0 after 356 usecs
[    1.162599] calling  md5_mod_init+0x0/0x12 @ 1
[    1.162718] initcall md5_mod_init+0x0/0x12 returned 0 after 111 usecs
[    1.162720] calling  crypto_ecb_module_init+0x0/0x12 @ 1
[    1.162729] initcall crypto_ecb_module_init+0x0/0x12 returned 0 after 4 usecs
[    1.162730] calling  aes_init+0x0/0x12 @ 1
[    1.162848] initcall aes_init+0x0/0x12 returned 0 after 111 usecs
[    1.162850] calling  crct10dif_mod_init+0x0/0x12 @ 1
[    1.162973] initcall crct10dif_mod_init+0x0/0x12 returned 0 after 116 usecs
[    1.162974] calling  lzo_mod_init+0x0/0x12 @ 1
[    1.163056] initcall lzo_mod_init+0x0/0x12 returned 0 after 75 usecs
[    1.163057] calling  asymmetric_key_init+0x0/0x12 @ 1
[    1.163061] Key type asymmetric registered
[    1.163066] initcall asymmetric_key_init+0x0/0x12 returned 0 after 4 usecs
[    1.163067] calling  proc_genhd_init+0x0/0x3c @ 1
[    1.163076] initcall proc_genhd_init+0x0/0x3c returned 0 after 4 usecs
[    1.163077] calling  bsg_init+0x0/0x14d @ 1
[    1.163107] Block layer SCSI generic (bsg) driver version 0.4 loaded (major 249)
[    1.163111] initcall bsg_init+0x0/0x14d returned 0 after 29 usecs
[    1.163112] calling  throtl_init+0x0/0x42 @ 1
[    1.163238] initcall throtl_init+0x0/0x42 returned 0 after 118 usecs
[    1.163240] calling  noop_init+0x0/0x12 @ 1
[    1.163247] io scheduler noop registered
[    1.163256] initcall noop_init+0x0/0x12 returned 0 after 8 usecs
[    1.163257] calling  deadline_init+0x0/0x12 @ 1
[    1.163261] io scheduler deadline registered
[    1.163280] initcall deadline_init+0x0/0x12 returned 0 after 4 usecs
[    1.163281] calling  cfq_init+0x0/0xad @ 1
[    1.163317] io scheduler cfq registered (default)
[    1.163321] initcall cfq_init+0x0/0xad returned 0 after 34 usecs
[    1.163322] calling  btree_module_init+0x0/0x2a @ 1
[    1.163331] initcall btree_module_init+0x0/0x2a returned 0 after 4 usecs
[    1.163332] calling  crc_t10dif_mod_init+0x0/0x3e @ 1
[    1.163341] initcall crc_t10dif_mod_init+0x0/0x3e returned 0 after 4 usecs
[    1.163342] calling  percpu_counter_startup+0x0/0x38 @ 1
[    1.163351] initcall percpu_counter_startup+0x0/0x38 returned 0 after 4 usecs
[    1.163352] calling  sg_pool_init+0x0/0xe4 @ 1
[    1.163365] initcall sg_pool_init+0x0/0xe4 returned 0 after 8 usecs
[    1.163366] calling  phy_core_init+0x0/0x4b @ 1
[    1.163375] initcall phy_core_init+0x0/0x4b returned 0 after 4 usecs
[    1.163376] calling  crystalcove_gpio_driver_init+0x0/0x14 @ 1
[    1.163389] initcall crystalcove_gpio_driver_init+0x0/0x14 returned 0 after 8 usecs
[    1.163390] calling  pci_proc_init+0x0/0x6e @ 1
[    1.163413] initcall pci_proc_init+0x0/0x6e returned 0 after 18 usecs
[    1.163415] calling  pcie_portdrv_init+0x0/0x73 @ 1
[    1.163979] initcall pcie_portdrv_init+0x0/0x73 returned 0 after 545 usecs
[    1.163980] calling  aer_service_init+0x0/0x3a @ 1
[    1.163990] initcall aer_service_init+0x0/0x3a returned 0 after 5 usecs
[    1.163991] calling  pcie_pme_service_init+0x0/0x12 @ 1
[    1.164001] initcall pcie_pme_service_init+0x0/0x12 returned 0 after 5 usecs
[    1.164002] calling  dpc_service_init+0x0/0x12 @ 1
[    1.164011] initcall dpc_service_init+0x0/0x12 returned 0 after 4 usecs
[    1.164013] calling  pci_hotplug_init+0x0/0x46 @ 1
[    1.164016] pci_hotplug: PCI Hot Plug PCI Core version: 0.5
[    1.164021] initcall pci_hotplug_init+0x0/0x46 returned 0 after 4 usecs
[    1.164023] calling  pcied_init+0x0/0x69 @ 1
[    1.164030] pciehp: PCI Express Hot Plug Controller Driver version: 0.4
[    1.164034] initcall pcied_init+0x0/0x69 returned 0 after 6 usecs
[    1.164035] calling  vesafb_driver_init+0x0/0x14 @ 1
[    1.164047] initcall vesafb_driver_init+0x0/0x14 returned 0 after 6 usecs
[    1.164048] calling  efifb_driver_init+0x0/0x14 @ 1
[    1.164056] efifb: probing for efifb
[    1.164064] efifb: framebuffer at 0x70000000, using 5120k, total 5120k
[    1.164065] efifb: mode is 1280x1024x32, linelength=5120, pages=1
[    1.164065] efifb: scrolling: redraw
[    1.164066] efifb: Truecolor: size=8:8:8:8, shift=24:16:8:0
[    1.166158] Console: switching to colour frame buffer device 160x64
[    1.167959] fb0: EFI VGA frame buffer device
[    1.167967] initcall efifb_driver_init+0x0/0x14 returned 0 after 3822 usecs
[    1.167968] calling  intel_idle_init+0x0/0x66c @ 1
[    1.167973] intel_idle: MWAIT substates: 0x11142120
[    1.167974] intel_idle: v0.4.1 model 0x5E
[    1.168268] intel_idle: lapic_timer_reliable_states 0xffffffff
[    1.168276] initcall intel_idle_init+0x0/0x66c returned 0 after 295 usecs
[    1.168277] calling  acpi_processor_driver_init+0x0/0x3e @ 1
[    1.168378] initcall acpi_processor_driver_init+0x0/0x3e returned 0 after 93 usecs
[    1.168380] calling  acpi_hed_driver_init+0x0/0x12 @ 1
[    1.168409] initcall acpi_hed_driver_init+0x0/0x12 returned 0 after 24 usecs
[    1.168411] calling  bgrt_init+0x0/0x75 @ 1
[    1.168420] initcall bgrt_init+0x0/0x75 returned -19 after 4 usecs
[    1.168421] calling  erst_init+0x0/0x31e @ 1
[    1.168431] initcall erst_init+0x0/0x31e returned 0 after 4 usecs
[    1.168432] calling  ghes_init+0x0/0x187 @ 1
[    1.168436] GHES: HEST is not enabled!
[    1.168441] initcall ghes_init+0x0/0x187 returned -22 after 4 usecs
[    1.168442] calling  xenbus_probe_initcall+0x0/0x4e @ 1
[    1.168451] initcall xenbus_probe_initcall+0x0/0x4e returned -19 after 4 usecs
[    1.168452] calling  xenbus_init+0x0/0x36 @ 1
[    1.168460] initcall xenbus_init+0x0/0x36 returned -19 after 4 usecs
[    1.168461] calling  xenbus_backend_init+0x0/0x48 @ 1
[    1.168470] initcall xenbus_backend_init+0x0/0x48 returned -19 after 4 usecs
[    1.168471] calling  hypervisor_subsys_init+0x0/0x25 @ 1
[    1.168480] initcall hypervisor_subsys_init+0x0/0x25 returned -19 after 4 usecs
[    1.168480] calling  hyper_sysfs_init+0x0/0x158 @ 1
[    1.168489] initcall hyper_sysfs_init+0x0/0x158 returned -19 after 4 usecs
[    1.168490] calling  platform_pci_init+0x0/0x1b @ 1
[    1.168502] initcall platform_pci_init+0x0/0x1b returned 0 after 7 usecs
[    1.168503] calling  pty_init+0x0/0x210 @ 1
[    1.168540] initcall pty_init+0x0/0x210 returned 0 after 31 usecs
[    1.168541] calling  sysrq_init+0x0/0x6f @ 1
[    1.168549] initcall sysrq_init+0x0/0x6f returned 0 after 4 usecs
[    1.168550] calling  xen_hvc_init+0x0/0x257 @ 1
[    1.168559] initcall xen_hvc_init+0x0/0x257 returned -19 after 4 usecs
[    1.168560] calling  serial8250_init+0x0/0x16a @ 1
[    1.168564] Serial: 8250/16550 driver, 4 ports, IRQ sharing disabled
[    1.168980] initcall serial8250_init+0x0/0x16a returned 0 after 405 usecs
[    1.168981] calling  serial_pci_driver_init+0x0/0x1b @ 1
[    1.168999] initcall serial_pci_driver_init+0x0/0x1b returned 0 after 12 usecs
[    1.169000] calling  mid8250_pci_driver_init+0x0/0x1b @ 1
[    1.169011] initcall mid8250_pci_driver_init+0x0/0x1b returned 0 after 7 usecs
[    1.169013] calling  hpet_init+0x0/0x65 @ 1
[    1.169113] initcall hpet_init+0x0/0x65 returned 0 after 93 usecs
[    1.169114] calling  agp_init+0x0/0x27 @ 1
[    1.169118] Linux agpgart interface v0.103
[    1.169123] initcall agp_init+0x0/0x27 returned 0 after 4 usecs
[    1.169124] calling  cn_proc_init+0x0/0x36 @ 1
[    1.169133] initcall cn_proc_init+0x0/0x36 returned 0 after 4 usecs
[    1.169136] calling  topology_sysfs_init+0x0/0x80 @ 1
[    1.169163] initcall topology_sysfs_init+0x0/0x80 returned 0 after 22 usecs
[    1.169165] calling  cacheinfo_sysfs_init+0x0/0x91 @ 1
[    1.169564] initcall cacheinfo_sysfs_init+0x0/0x91 returned 0 after 385 usecs
[    1.169566] calling  devcoredump_init+0x0/0x19 @ 1
[    1.169576] initcall devcoredump_init+0x0/0x19 returned 0 after 5 usecs
[    1.169578] calling  intel_soc_pmic_i2c_driver_init+0x0/0x14 @ 1
[    1.169588] initcall intel_soc_pmic_i2c_driver_init+0x0/0x14 returned 0 after 5 usecs
[    1.169589] calling  e820_pmem_init+0x0/0x14 @ 1
[    1.169601] initcall e820_pmem_init+0x0/0x14 returned 0 after 6 usecs
[    1.169602] calling  net_olddevs_init+0x0/0x62 @ 1
[    1.169611] initcall net_olddevs_init+0x0/0x62 returned 0 after 4 usecs
[    1.169612] calling  cmos_init+0x0/0x69 @ 1
[    1.169629] rtc_cmos 00:04: RTC can wake from S4
[    1.169998] rtc_cmos 00:04: rtc core: registered rtc_cmos as rtc0
[    1.170077] rtc_cmos 00:04: alarms up to one month, y3k, 242 bytes nvram, hpet irqs
[    1.170086] initcall cmos_init+0x0/0x69 returned 0 after 457 usecs
[    1.170087] calling  intel_pstate_init+0x0/0x4e7 @ 1
[    1.170091] intel_pstate: Intel P-state driver initializing
[    1.170504] intel_pstate: HWP enabled
[    1.170522] initcall intel_pstate_init+0x0/0x4e7 returned 0 after 419 usecs
[    1.170523] calling  ledtrig_mtd_init+0x0/0x2e @ 1
[    1.170532] initcall ledtrig_mtd_init+0x0/0x2e returned 0 after 4 usecs
[    1.170534] calling  ledtrig_cpu_init+0x0/0x93 @ 1
[    1.170539] ledtrig-cpu: registered to indicate activity on CPUs
[    1.170543] initcall ledtrig_cpu_init+0x0/0x93 returned 0 after 5 usecs
[    1.170545] calling  ledtrig_panic_init+0x0/0x39 @ 1
[    1.170554] initcall ledtrig_panic_init+0x0/0x39 returned 0 after 4 usecs
[    1.170555] calling  esrt_sysfs_init+0x0/0x333 @ 1
[    1.170575] initcall esrt_sysfs_init+0x0/0x333 returned 0 after 14 usecs
[    1.170576] calling  skein_generic_init+0x0/0x56 @ 1
[    1.171207] initcall skein_generic_init+0x0/0x56 returned 0 after 595 usecs
[    1.171209] calling  smartconnect_driver_init+0x0/0x12 @ 1
[    1.171235] initcall smartconnect_driver_init+0x0/0x12 returned 0 after 20 usecs
[    1.171237] calling  intel_pmc_core_driver_init+0x0/0x1b @ 1
[    1.171249] initcall intel_pmc_core_driver_init+0x0/0x1b returned 0 after 8 usecs
[    1.171250] calling  gpio_clk_driver_init+0x0/0x14 @ 1
[    1.171261] initcall gpio_clk_driver_init+0x0/0x14 returned 0 after 7 usecs
[    1.171262] calling  powercap_init+0x0/0x28b @ 1
[    1.171285] initcall powercap_init+0x0/0x28b returned 0 after 18 usecs
[    1.171287] calling  pm_check_save_msr+0x0/0x20 @ 1
[    1.171296] initcall pm_check_save_msr+0x0/0x20 returned 0 after 4 usecs
[    1.171297] calling  sock_diag_init+0x0/0x35 @ 1
[    1.171379] initcall sock_diag_init+0x0/0x35 returned 0 after 41 usecs
[    1.171381] calling  blackhole_init+0x0/0x12 @ 1
[    1.171399] initcall blackhole_init+0x0/0x12 returned 0 after 8 usecs
[    1.171422] calling  gre_offload_init+0x0/0x49 @ 1
[    1.171435] initcall gre_offload_init+0x0/0x49 returned 0 after 8 usecs
[    1.171437] calling  sysctl_ipv4_init+0x0/0x4c @ 1
[    1.171475] initcall sysctl_ipv4_init+0x0/0x4c returned 0 after 29 usecs
[    1.171476] calling  cubictcp_register+0x0/0x5a @ 1
[    1.171485] initcall cubictcp_register+0x0/0x5a returned 0 after 4 usecs
[    1.171487] calling  inet6_init+0x0/0x321 @ 1
[    1.171586] NET: Registered protocol family 10
[    1.171911] initcall inet6_init+0x0/0x321 returned 0 after 408 usecs
[    1.171913] calling  packet_init+0x0/0x42 @ 1
[    1.171922] NET: Registered protocol family 17
[    1.171928] initcall packet_init+0x0/0x42 returned 0 after 8 usecs
[    1.171929] calling  mcheck_init_device+0x0/0x181 @ 1
[    1.172343] initcall mcheck_init_device+0x0/0x181 returned 0 after 399 usecs
[    1.172354] calling  mcheck_late_init+0x0/0x5b @ 1
[    1.172364] initcall mcheck_late_init+0x0/0x5b returned 0 after 5 usecs
[    1.172365] calling  severities_debugfs_init+0x0/0x3b @ 1
[    1.172374] initcall severities_debugfs_init+0x0/0x3b returned 0 after 4 usecs
[    1.172375] calling  threshold_init_device+0x0/0x4d @ 1
[    1.172384] initcall threshold_init_device+0x0/0x4d returned 0 after 4 usecs
[    1.172385] calling  microcode_init+0x0/0x1d0 @ 1
[    1.172404] microcode: CPU0 sig=0x506e3, pf=0x20, revision=0x9e
[    1.172441] microcode: CPU1 sig=0x506e3, pf=0x20, revision=0x9e
[    1.172480] microcode: CPU2 sig=0x506e3, pf=0x20, revision=0x9e
[    1.172508] microcode: CPU3 sig=0x506e3, pf=0x20, revision=0x9e
[    1.172533] microcode: CPU4 sig=0x506e3, pf=0x20, revision=0x9e
[    1.172570] microcode: CPU5 sig=0x506e3, pf=0x20, revision=0x9e
[    1.172625] microcode: CPU6 sig=0x506e3, pf=0x20, revision=0x9e
[    1.172666] microcode: CPU7 sig=0x506e3, pf=0x20, revision=0x9e
[    1.172803] microcode: Microcode Update Driver: v2.01 <tigran@aivazian.fsnet.co.uk>, Peter Oruba
[    1.172809] initcall microcode_init+0x0/0x1d0 returned 0 after 409 usecs
[    1.172811] calling  hpet_insert_resource+0x0/0x24 @ 1
[    1.172820] initcall hpet_insert_resource+0x0/0x24 returned 0 after 4 usecs
[    1.172821] calling  update_mp_table+0x0/0x45e @ 1
[    1.172830] initcall update_mp_table+0x0/0x45e returned 0 after 4 usecs
[    1.172832] calling  lapic_insert_resource+0x0/0x40 @ 1
[    1.172841] initcall lapic_insert_resource+0x0/0x40 returned 0 after 4 usecs
[    1.172842] calling  print_ICs+0x0/0x1bc @ 1
[    1.172851] initcall print_ICs+0x0/0x1bc returned 0 after 4 usecs
[    1.172852] calling  pat_memtype_list_init+0x0/0x35 @ 1
[    1.172861] initcall pat_memtype_list_init+0x0/0x35 returned 0 after 4 usecs
[    1.172862] calling  create_tlb_single_page_flush_ceiling+0x0/0x29 @ 1
[    1.172872] initcall create_tlb_single_page_flush_ceiling+0x0/0x29 returned 0 after 5 usecs
[    1.172873] calling  init_oops_id+0x0/0x40 @ 1
[    1.172882] initcall init_oops_id+0x0/0x40 returned 0 after 4 usecs
[    1.172884] calling  sched_init_debug+0x0/0x24 @ 1
[    1.172893] initcall sched_init_debug+0x0/0x24 returned 0 after 4 usecs
[    1.172894] calling  pm_qos_power_init+0x0/0xac @ 1
[    1.173331] initcall pm_qos_power_init+0x0/0xac returned 0 after 420 usecs
[    1.173333] calling  pm_debugfs_init+0x0/0x24 @ 1
[    1.173357] initcall pm_debugfs_init+0x0/0x24 returned 0 after 18 usecs
[    1.173359] calling  printk_late_init+0x0/0x65 @ 1
[    1.173368] initcall printk_late_init+0x0/0x65 returned 0 after 4 usecs
[    1.173369] calling  tk_debug_sleep_time_init+0x0/0x3c @ 1
[    1.173378] initcall tk_debug_sleep_time_init+0x0/0x3c returned 0 after 4 usecs
[    1.173379] calling  debugfs_kprobe_init+0x0/0xcc @ 1
[    1.173389] initcall debugfs_kprobe_init+0x0/0xcc returned 0 after 5 usecs
[    1.173390] calling  taskstats_init+0x0/0x6c @ 1
[    1.173396] registered taskstats version 1
[    1.173401] initcall taskstats_init+0x0/0x6c returned 0 after 6 usecs
[    1.173402] calling  clear_boot_tracer+0x0/0x2e @ 1
[    1.173410] initcall clear_boot_tracer+0x0/0x2e returned 0 after 4 usecs
[    1.173412] calling  register_kprobe_prog_ops+0x0/0x20 @ 1
[    1.173421] initcall register_kprobe_prog_ops+0x0/0x20 returned 0 after 4 usecs
